Archive member included to satisfy reference by file (symbol)

C:/ST/STM32CubeCLT_1.18.0/GNU-tools-for-STM32/bin/../lib/gcc/arm-none-eabi/13.3.1/../../../../arm-none-eabi/lib/thumb/v7e-m+fp/hard\libc_nano.a(libc_a-exit.o)
                              C:/ST/STM32CubeCLT_1.18.0/GNU-tools-for-STM32/bin/../lib/gcc/arm-none-eabi/13.3.1/../../../../arm-none-eabi/lib/thumb/v7e-m+fp/hard/crt0.o (exit)
C:/ST/STM32CubeCLT_1.18.0/GNU-tools-for-STM32/bin/../lib/gcc/arm-none-eabi/13.3.1/../../../../arm-none-eabi/lib/thumb/v7e-m+fp/hard\libc_nano.a(libc_a-findfp.o)
                              C:/ST/STM32CubeCLT_1.18.0/GNU-tools-for-STM32/bin/../lib/gcc/arm-none-eabi/13.3.1/../../../../arm-none-eabi/lib/thumb/v7e-m+fp/hard\libc_nano.a(libc_a-exit.o) (__stdio_exit_handler)
C:/ST/STM32CubeCLT_1.18.0/GNU-tools-for-STM32/bin/../lib/gcc/arm-none-eabi/13.3.1/../../../../arm-none-eabi/lib/thumb/v7e-m+fp/hard\libc_nano.a(libc_a-fwalk.o)
                              C:/ST/STM32CubeCLT_1.18.0/GNU-tools-for-STM32/bin/../lib/gcc/arm-none-eabi/13.3.1/../../../../arm-none-eabi/lib/thumb/v7e-m+fp/hard\libc_nano.a(libc_a-findfp.o) (_fwalk_sglue)
C:/ST/STM32CubeCLT_1.18.0/GNU-tools-for-STM32/bin/../lib/gcc/arm-none-eabi/13.3.1/../../../../arm-none-eabi/lib/thumb/v7e-m+fp/hard\libc_nano.a(libc_a-stdio.o)
                              C:/ST/STM32CubeCLT_1.18.0/GNU-tools-for-STM32/bin/../lib/gcc/arm-none-eabi/13.3.1/../../../../arm-none-eabi/lib/thumb/v7e-m+fp/hard\libc_nano.a(libc_a-findfp.o) (__sread)
C:/ST/STM32CubeCLT_1.18.0/GNU-tools-for-STM32/bin/../lib/gcc/arm-none-eabi/13.3.1/../../../../arm-none-eabi/lib/thumb/v7e-m+fp/hard\libc_nano.a(libc_a-memset.o)
                              C:/ST/STM32CubeCLT_1.18.0/GNU-tools-for-STM32/bin/../lib/gcc/arm-none-eabi/13.3.1/../../../../arm-none-eabi/lib/thumb/v7e-m+fp/hard/crt0.o (memset)
C:/ST/STM32CubeCLT_1.18.0/GNU-tools-for-STM32/bin/../lib/gcc/arm-none-eabi/13.3.1/../../../../arm-none-eabi/lib/thumb/v7e-m+fp/hard\libc_nano.a(libc_a-closer.o)
                              C:/ST/STM32CubeCLT_1.18.0/GNU-tools-for-STM32/bin/../lib/gcc/arm-none-eabi/13.3.1/../../../../arm-none-eabi/lib/thumb/v7e-m+fp/hard\libc_nano.a(libc_a-stdio.o) (_close_r)
C:/ST/STM32CubeCLT_1.18.0/GNU-tools-for-STM32/bin/../lib/gcc/arm-none-eabi/13.3.1/../../../../arm-none-eabi/lib/thumb/v7e-m+fp/hard\libc_nano.a(libc_a-reent.o)
                              C:/ST/STM32CubeCLT_1.18.0/GNU-tools-for-STM32/bin/../lib/gcc/arm-none-eabi/13.3.1/../../../../arm-none-eabi/lib/thumb/v7e-m+fp/hard\libc_nano.a(libc_a-closer.o) (errno)
C:/ST/STM32CubeCLT_1.18.0/GNU-tools-for-STM32/bin/../lib/gcc/arm-none-eabi/13.3.1/../../../../arm-none-eabi/lib/thumb/v7e-m+fp/hard\libc_nano.a(libc_a-impure.o)
                              C:/ST/STM32CubeCLT_1.18.0/GNU-tools-for-STM32/bin/../lib/gcc/arm-none-eabi/13.3.1/../../../../arm-none-eabi/lib/thumb/v7e-m+fp/hard\libc_nano.a(libc_a-reent.o) (_impure_ptr)
C:/ST/STM32CubeCLT_1.18.0/GNU-tools-for-STM32/bin/../lib/gcc/arm-none-eabi/13.3.1/../../../../arm-none-eabi/lib/thumb/v7e-m+fp/hard\libc_nano.a(libc_a-lseekr.o)
                              C:/ST/STM32CubeCLT_1.18.0/GNU-tools-for-STM32/bin/../lib/gcc/arm-none-eabi/13.3.1/../../../../arm-none-eabi/lib/thumb/v7e-m+fp/hard\libc_nano.a(libc_a-stdio.o) (_lseek_r)
C:/ST/STM32CubeCLT_1.18.0/GNU-tools-for-STM32/bin/../lib/gcc/arm-none-eabi/13.3.1/../../../../arm-none-eabi/lib/thumb/v7e-m+fp/hard\libc_nano.a(libc_a-readr.o)
                              C:/ST/STM32CubeCLT_1.18.0/GNU-tools-for-STM32/bin/../lib/gcc/arm-none-eabi/13.3.1/../../../../arm-none-eabi/lib/thumb/v7e-m+fp/hard\libc_nano.a(libc_a-stdio.o) (_read_r)
C:/ST/STM32CubeCLT_1.18.0/GNU-tools-for-STM32/bin/../lib/gcc/arm-none-eabi/13.3.1/../../../../arm-none-eabi/lib/thumb/v7e-m+fp/hard\libc_nano.a(libc_a-writer.o)
                              C:/ST/STM32CubeCLT_1.18.0/GNU-tools-for-STM32/bin/../lib/gcc/arm-none-eabi/13.3.1/../../../../arm-none-eabi/lib/thumb/v7e-m+fp/hard\libc_nano.a(libc_a-stdio.o) (_write_r)
C:/ST/STM32CubeCLT_1.18.0/GNU-tools-for-STM32/bin/../lib/gcc/arm-none-eabi/13.3.1/../../../../arm-none-eabi/lib/thumb/v7e-m+fp/hard\libc_nano.a(libc_a-init.o)
                              C:/ST/STM32CubeCLT_1.18.0/GNU-tools-for-STM32/bin/../lib/gcc/arm-none-eabi/13.3.1/../../../../arm-none-eabi/lib/thumb/v7e-m+fp/hard/crt0.o (__libc_init_array)
C:/ST/STM32CubeCLT_1.18.0/GNU-tools-for-STM32/bin/../lib/gcc/arm-none-eabi/13.3.1/../../../../arm-none-eabi/lib/thumb/v7e-m+fp/hard\libc_nano.a(libc_a-lock.o)
                              C:/ST/STM32CubeCLT_1.18.0/GNU-tools-for-STM32/bin/../lib/gcc/arm-none-eabi/13.3.1/../../../../arm-none-eabi/lib/thumb/v7e-m+fp/hard\libc_nano.a(libc_a-findfp.o) (__retarget_lock_init_recursive)
C:/ST/STM32CubeCLT_1.18.0/GNU-tools-for-STM32/bin/../lib/gcc/arm-none-eabi/13.3.1/../../../../arm-none-eabi/lib/thumb/v7e-m+fp/hard\libc_nano.a(libc_a-freer.o)
[...]
Memory Configuration

Name             Origin             Length             Attributes
RAM              0x20000000         0x00018000         xrw
RAM2             0x10000000         0x00008000         xrw
FLASH            0x08000000         0x00100000         xr
*default*        0x00000000         0xffffffff

Linker script and memory map

LOAD C:/ST/STM32CubeCLT_1.18.0/GNU-tools-for-STM32/bin/../lib/gcc/arm-none-eabi/13.3.1/thumb/v7e-m+fp/hard/crti.o
LOAD C:/ST/STM32CubeCLT_1.18.0/GNU-tools-for-STM32/bin/../lib/gcc/arm-none-eabi/13.3.1/thumb/v7e-m+fp/hard/crtbegin.o
LOAD C:/ST/STM32CubeCLT_1.18.0/GNU-tools-for-STM32/bin/../lib/gcc/arm-none-eabi/13.3.1/../../../../arm-none-eabi/lib/thumb/v7e-m+fp/hard/crt0.o
START GROUP
LOAD C:/ST/STM32CubeCLT_1.18.0/GNU-tools-for-STM32/bin/../lib/gcc/arm-none-eabi/13.3.1/../../../../arm-none-eabi/lib/thumb/v7e-m+fp/hard\libc_nano.a
LOAD C:/ST/STM32CubeCLT_1.18.0/GNU-tools-for-STM32/bin/../lib/gcc/arm-none-eabi/13.3.1/../../../../arm-none-eabi/lib/thumb/v7e-m+fp/hard\libm.a
END GROUP
LOAD cmake/stm32cubemx/CMakeFiles/STM32_Drivers.dir/__/__/Src/system_stm32l4xx.c.obj
LOAD cmake/stm32cubemx/CMakeFiles/STM32_Drivers.dir/__/__/Drivers/STM32L4xx_HAL_Driver/Src/stm32l4xx_hal_i2c.c.obj
LOAD cmake/stm32cubemx/CMakeFiles/STM32_Drivers.dir/__/__/Drivers/STM32L4xx_HAL_Driver/Src/stm32l4xx_hal_i2c_ex.c.obj
LOAD cmake/stm32cubemx/CMakeFiles/STM32_Drivers.dir/__/__/Drivers/STM32L4xx_HAL_Driver/Src/stm32l4xx_hal.c.obj
LOAD cmake/stm32cubemx/CMakeFiles/STM32_Drivers.dir/__/__/Drivers/STM32L4xx_HAL_Driver/Src/stm32l4xx_hal_rcc.c.obj
LOAD cmake/stm32cubemx/CMakeFiles/STM32_Drivers.dir/__/__/Drivers/STM32L4xx_HAL_Driver/Src/stm32l4xx_hal_rcc_ex.c.obj
LOAD cmake/stm32cubemx/CMakeFiles/STM32_Drivers.dir/__/__/Drivers/STM32L4xx_HAL_Driver/Src/stm32l4xx_hal_flash.c.obj
LOAD cmake/stm32cubemx/CMakeFiles/STM32_Drivers.dir/__/__/Drivers/STM32L4xx_HAL_Driver/Src/stm32l4xx_hal_flash_ex.c.obj
LOAD cmake/stm32cubemx/CMakeFiles/STM32_Drivers.dir/__/__/Drivers/STM32L4xx_HAL_Driver/Src/stm32l4xx_hal_flash_ramfunc.c.obj
LOAD cmake/stm32cubemx/CMakeFiles/STM32_Drivers.dir/__/__/Drivers/STM32L4xx_HAL_Driver/Src/stm32l4xx_hal_gpio.c.obj
LOAD cmake/stm32cubemx/CMakeFiles/STM32_Drivers.dir/__/__/Drivers/STM32L4xx_HAL_Driver/Src/stm32l4xx_hal_dma.c.obj
LOAD cmake/stm32cubemx/CMakeFiles/STM32_Drivers.dir/__/__/Drivers/STM32L4xx_HAL_Driver/Src/stm32l4xx_hal_dma_ex.c.obj
LOAD cmake/stm32cubemx/CMakeFiles/STM32_Drivers.dir/__/__/Drivers/STM32L4xx_HAL_Driver/Src/stm32l4xx_hal_pwr.c.obj
LOAD cmake/stm32cubemx/CMakeFiles/STM32_Drivers.dir/__/__/Drivers/STM32L4xx_HAL_Driver/Src/stm32l4xx_hal_pwr_ex.c.obj
LOAD cmake/stm32cubemx/CMakeFiles/STM32_Drivers.dir/__/__/Drivers/STM32L4xx_HAL_Driver/Src/stm32l4xx_hal_cortex.c.obj
LOAD cmake/stm32cubemx/CMakeFiles/STM32_Drivers.dir/__/__/Drivers/STM32L4xx_HAL_Driver/Src/stm32l4xx_hal_exti.c.obj
LOAD cmake/stm32cubemx/CMakeFiles/STM32_Drivers.dir/__/__/Drivers/STM32L4xx_HAL_Driver/Src/stm32l4xx_hal_uart.c.obj
LOAD cmake/stm32cubemx/CMakeFiles/STM32_Drivers.dir/__/__/Drivers/STM32L4xx_HAL_Driver/Src/stm32l4xx_hal_uart_ex.c.obj
LOAD CMakeFiles/4100901-Room_Control-CubeMX.dir/Src/main.c.obj
LOAD CMakeFiles/4100901-Room_Control-CubeMX.dir/Src/stm32l4xx_it.c.obj
LOAD CMakeFiles/4100901-Room_Control-CubeMX.dir/Src/stm32l4xx_hal_msp.c.obj
LOAD CMakeFiles/4100901-Room_Control-CubeMX.dir/Src/sysmem.c.obj
LOAD CMakeFiles/4100901-Room_Control-CubeMX.dir/Src/syscalls.c.obj
LOAD CMakeFiles/4100901-Room_Control-CubeMX.dir/startup_stm32l476xx.s.obj
LOAD CMakeFiles/4100901-Room_Control-CubeMX.dir/Src/led_driver.c.obj
LOAD CMakeFiles/4100901-Room_Control-CubeMX.dir/Src/ring_buffer.c.obj
LOAD CMakeFiles/4100901-Room_Control-CubeMX.dir/Src/keypad_driver.c.obj
LOAD CMakeFiles/4100901-Room_Control-CubeMX.dir/Drivers/ssd1306/ssd1306.c.obj
LOAD CMakeFiles/4100901-Room_Control-CubeMX.dir/Drivers/ssd1306/ssd1306_fonts.c.obj
START GROUP
LOAD C:/ST/STM32CubeCLT_1.18.0/GNU-tools-for-STM32/bin/../lib/gcc/arm-none-eabi/13.3.1/thumb/v7e-m+fp/hard\libgcc.a
LOAD C:/ST/STM32CubeCLT_1.18.0/GNU-tools-for-STM32/bin/../lib/gcc/arm-none-eabi/13.3.1/../../../../arm-none-eabi/lib/thumb/v7e-m+fp/hard\libg_nano.a
LOAD C:/ST/STM32CubeCLT_1.18.0/GNU-tools-for-STM32/bin/../lib/gcc/arm-none-eabi/13.3.1/../../../../arm-none-eabi/lib/thumb/v7e-m+fp/hard\libc_nano.a
END GROUP
START GROUP
LOAD C:/ST/STM32CubeCLT_1.18.0/GNU-tools-for-STM32/bin/../lib/gcc/arm-none-eabi/13.3.1/thumb/v7e-m+fp/hard\libgcc.a
LOAD C:/ST/STM32CubeCLT_1.18.0/GNU-tools-for-STM32/bin/../lib/gcc/arm-none-eabi/13.3.1/../../../../arm-none-eabi/lib/thumb/v7e-m+fp/hard\libc_nano.a
END GROUP
LOAD C:/ST/STM32CubeCLT_1.18.0/GNU-tools-for-STM32/bin/../lib/gcc/arm-none-eabi/13.3.1/thumb/v7e-m+fp/hard/crtend.o
LOAD C:/ST/STM32CubeCLT_1.18.0/GNU-tools-for-STM32/bin/../lib/gcc/arm-none-eabi/13.3.1/thumb/v7e-m+fp/hard/crtn.o
                0x20018000                        _estack = (ORIGIN (RAM) + LENGTH (RAM))
                0x00000200                        _Min_Heap_Size = 0x200
                0x00000400                        _Min_Stack_Size = 0x400

.isr_vector     0x08000000      0x188
                0x08000000                        . = ALIGN (0x8)
 *(.isr_vector)
 .isr_vector    0x08000000      0x188 CMakeFiles/4100901-Room_Control-CubeMX.dir/startup_stm32l476xx.s.obj
                0x08000000                g_pfnVectors
                0x08000188                        . = ALIGN (0x8)

.text           0x08000190     0x66d8
                0x08000190                        . = ALIGN (0x8)
 *(.text)
 .text          0x08000190       0x40 C:/ST/STM32CubeCLT_1.18.0/GNU-tools-for-STM32/bin/../lib/gcc/arm-none-eabi/13.3.1/thumb/v7e-m+fp/hard/crtbegin.o
 .text          0x080001d0       0x30 C:/ST/STM32CubeCLT_1.18.0/GNU-tools-for-STM32/bin/../lib/gcc/arm-none-eabi/13.3.1/thumb/v7e-m+fp/hard\libgcc.a(_aeabi_uldivmod.o)
                0x080001d0                __aeabi_uldivmod
 .text          0x08000200      0x2f8 C:/ST/STM32CubeCLT_1.18.0/GNU-tools-for-STM32/bin/../lib/gcc/arm-none-eabi/13.3.1/thumb/v7e-m+fp/hard\libgcc.a(_udivmoddi4.o)
                0x08000200                __udivmoddi4
 .text          0x080004f8        0x4 C:/ST/STM32CubeCLT_1.18.0/GNU-tools-for-STM32/bin/../lib/gcc/arm-none-eabi/13.3.1/thumb/v7e-m+fp/hard\libgcc.a(_dvmd_tls.o)
                0x080004f8                __aeabi_idiv0
                0x080004f8                __aeabi_ldiv0
 .text          0x080004fc       0x14 C:/ST/STM32CubeCLT_1.18.0/GNU-tools-for-STM32/bin/../lib/gcc/arm-none-eabi/13.3.1/../../../../arm-none-eabi/lib/thumb/v7e-m+fp/hard\libg_nano.a(libc_a-strcmp.o)
                0x080004fc                strcmp
 .text          0x08000510       0xa0 C:/ST/STM32CubeCLT_1.18.0/GNU-tools-for-STM32/bin/../lib/gcc/arm-none-eabi/13.3.1/../../../../arm-none-eabi/lib/thumb/v7e-m+fp/hard\libg_nano.a(libc_a-memchr.o)
                0x08000510                memchr
 *(.text*)
 .text.std      0x080005b0       0x6c C:/ST/STM32CubeCLT_1.18.0/GNU-tools-for-STM32/bin/../lib/gcc/arm-none-eabi/13.3.1/../../../../arm-none-eabi/lib/thumb/v7e-m+fp/hard\libc_nano.a(libc_a-findfp.o)
 .text.stdio_exit_handler
                0x0800061c       0x18 C:/ST/STM32CubeCLT_1.18.0/GNU-tools-for-STM32/bin/../lib/gcc/arm-none-eabi/13.3.1/../../../../arm-none-eabi/lib/thumb/v7e-m+fp/hard\libc_nano.a(libc_a-findfp.o)
 .text.cleanup_stdio
                0x08000634       0x40 C:/ST/STM32CubeCLT_1.18.0/GNU-tools-for-STM32/bin/../lib/gcc/arm-none-eabi/13.3.1/../../../../arm-none-eabi/lib/thumb/v7e-m+fp/hard\libc_nano.a(libc_a-findfp.o)
 .text.global_stdio_init.part.0
                0x08000674       0x3c C:/ST/STM32CubeCLT_1.18.0/GNU-tools-for-STM32/bin/../lib/gcc/arm-none-eabi/13.3.1/../../../../arm-none-eabi/lib/thumb/v7e-m+fp/hard\libc_nano.a(libc_a-findfp.o)
 .text.__sfp_lock_acquire
                0x080006b0        0xc C:/ST/STM32CubeCLT_1.18.0/GNU-tools-for-STM32/bin/../lib/gcc/arm-none-eabi/13.3.1/../../../../arm-none-eabi/lib/thumb/v7e-m+fp/hard\libc_nano.a(libc_a-findfp.o)
                0x080006b0                __sfp_lock_acquire
 .text.__sfp_lock_release
                0x080006bc        0xc C:/ST/STM32CubeCLT_1.18.0/GNU-tools-for-STM32/bin/../lib/gcc/arm-none-eabi/13.3.1/../../../../arm-none-eabi/lib/thumb/v7e-m+fp/hard\libc_nano.a(libc_a-findfp.o)
                0x080006bc                __sfp_lock_release
 .text.__sinit  0x080006c8       0x30 C:/ST/STM32CubeCLT_1.18.0/GNU-tools-for-STM32/bin/../lib/gcc/arm-none-eabi/13.3.1/../../../../arm-none-eabi/lib/thumb/v7e-m+fp/hard\libc_nano.a(libc_a-findfp.o)
                0x080006c8                __sinit
 .text._fwalk_sglue
                0x080006f8       0x3c C:/ST/STM32CubeCLT_1.18.0/GNU-tools-for-STM32/bin/../lib/gcc/arm-none-eabi/13.3.1/../../../../arm-none-eabi/lib/thumb/v7e-m+fp/hard\libc_nano.a(libc_a-fwalk.o)
                0x080006f8                _fwalk_sglue
 .text.__sread  0x08000734       0x22 C:/ST/STM32CubeCLT_1.18.0/GNU-tools-for-STM32/bin/../lib/gcc/arm-none-eabi/13.3.1/../../../../arm-none-eabi/lib/thumb/v7e-m+fp/hard\libc_nano.a(libc_a-stdio.o)
                0x08000734                __sread
 .text.__swrite
                0x08000756       0x38 C:/ST/STM32CubeCLT_1.18.0/GNU-tools-for-STM32/bin/../lib/gcc/arm-none-eabi/13.3.1/../../../../arm-none-eabi/lib/thumb/v7e-m+fp/hard\libc_nano.a(libc_a-stdio.o)
                0x08000756                __swrite
 .text.__sseek  0x0800078e       0x24 C:/ST/STM32CubeCLT_1.18.0/GNU-tools-for-STM32/bin/../lib/gcc/arm-none-eabi/13.3.1/../../../../arm-none-eabi/lib/thumb/v7e-m+fp/hard\libc_nano.a(libc_a-stdio.o)
                0x0800078e                __sseek
 .text.__sclose
                0x080007b2        0x8 C:/ST/STM32CubeCLT_1.18.0/GNU-tools-for-STM32/bin/../lib/gcc/arm-none-eabi/13.3.1/../../../../arm-none-eabi/lib/thumb/v7e-m+fp/hard\libc_nano.a(libc_a-stdio.o)
                0x080007b2                __sclose
 .text.memset   0x080007ba       0x10 C:/ST/STM32CubeCLT_1.18.0/GNU-tools-for-STM32/bin/../lib/gcc/arm-none-eabi/13.3.1/../../../../arm-none-eabi/lib/thumb/v7e-m+fp/hard\libc_nano.a(libc_a-memset.o)
                0x080007ba                memset
 *fill*         0x080007ca        0x2 
 .text._close_r
                0x080007cc       0x20 C:/ST/STM32CubeCLT_1.18.0/GNU-tools-for-STM32/bin/../lib/gcc/arm-none-eabi/13.3.1/../../../../arm-none-eabi/lib/thumb/v7e-m+fp/hard\libc_nano.a(libc_a-closer.o)
                0x080007cc                _close_r
 .text._lseek_r
                0x080007ec       0x24 C:/ST/STM32CubeCLT_1.18.0/GNU-tools-for-STM32/bin/../lib/gcc/arm-none-eabi/13.3.1/../../../../arm-none-eabi/lib/thumb/v7e-m+fp/hard\libc_nano.a(libc_a-lseekr.o)
                0x080007ec                _lseek_r
 .text._read_r  0x08000810       0x24 C:/ST/STM32CubeCLT_1.18.0/GNU-tools-for-STM32/bin/../lib/gcc/arm-none-eabi/13.3.1/../../../../arm-none-eabi/lib/thumb/v7e-m+fp/hard\libc_nano.a(libc_a-readr.o)
                0x08000810                _read_r
 .text._write_r
                0x08000834       0x24 C:/ST/STM32CubeCLT_1.18.0/GNU-tools-for-STM32/bin/../lib/gcc/arm-none-eabi/13.3.1/../../../../arm-none-eabi/lib/thumb/v7e-m+fp/hard\libc_nano.a(libc_a-writer.o)
                0x08000834                _write_r
 .text.__libc_init_array
                0x08000858       0x48 C:/ST/STM32CubeCLT_1.18.0/GNU-tools-for-STM32/bin/../lib/gcc/arm-none-eabi/13.3.1/../../../../arm-none-eabi/lib/thumb/v7e-m+fp/hard\libc_nano.a(libc_a-init.o)
                0x08000858                __libc_init_array
 .text.__retarget_lock_init_recursive
                0x080008a0        0x2 C:/ST/STM32CubeCLT_1.18.0/GNU-tools-for-STM32/bin/../lib/gcc/arm-none-eabi/13.3.1/../../../../arm-none-eabi/lib/thumb/v7e-m+fp/hard\libc_nano.a(libc_a-lock.o)
                0x080008a0                __retarget_lock_init_recursive
 .text.__retarget_lock_acquire_recursive
                0x080008a2        0x2 C:/ST/STM32CubeCLT_1.18.0/GNU-tools-for-STM32/bin/../lib/gcc/arm-none-eabi/13.3.1/../../../../arm-none-eabi/lib/thumb/v7e-m+fp/hard\libc_nano.a(libc_a-lock.o)
                0x080008a2                __retarget_lock_acquire_recursive
 .text.__retarget_lock_release_recursive
                0x080008a4        0x2 C:/ST/STM32CubeCLT_1.18.0/GNU-tools-for-STM32/bin/../lib/gcc/arm-none-eabi/13.3.1/../../../../arm-none-eabi/lib/thumb/v7e-m+fp/hard\libc_nano.a(libc_a-lock.o)
                0x080008a4                __retarget_lock_release_recursive
 *fill*         0x080008a6        0x2 
 .text._free_r  0x080008a8       0x94 C:/ST/STM32CubeCLT_1.18.0/GNU-tools-for-STM32/bin/../lib/gcc/arm-none-eabi/13.3.1/../../../../arm-none-eabi/lib/thumb/v7e-m+fp/hard\libc_nano.a(libc_a-freer.o)
                0x080008a8                _free_r
 .text.sbrk_aligned
                0x0800093c       0x44 C:/ST/STM32CubeCLT_1.18.0/GNU-tools-for-STM32/bin/../lib/gcc/arm-none-eabi/13.3.1/../../../../arm-none-eabi/lib/thumb/v7e-m+fp/hard\libc_nano.a(libc_a-mallocr.o)
 .text._malloc_r
                0x08000980      0x100 C:/ST/STM32CubeCLT_1.18.0/GNU-tools-for-STM32/bin/../lib/gcc/arm-none-eabi/13.3.1/../../../../arm-none-eabi/lib/thumb/v7e-m+fp/hard\libc_nano.a(libc_a-mallocr.o)
                0x08000980                _malloc_r
 .text.__malloc_lock
                0x08000a80        0xc C:/ST/STM32CubeCLT_1.18.0/GNU-tools-for-STM32/bin/../lib/gcc/arm-none-eabi/13.3.1/../../../../arm-none-eabi/lib/thumb/v7e-m+fp/hard\libc_nano.a(libc_a-mlock.o)
                0x08000a80                __malloc_lock
 .text.__malloc_unlock
                0x08000a8c        0xc C:/ST/STM32CubeCLT_1.18.0/GNU-tools-for-STM32/bin/../lib/gcc/arm-none-eabi/13.3.1/../../../../arm-none-eabi/lib/thumb/v7e-m+fp/hard\libc_nano.a(libc_a-mlock.o)
                0x08000a8c                __malloc_unlock
 .text.__sflush_r
                0x08000a98      0x108 C:/ST/STM32CubeCLT_1.18.0/GNU-tools-for-STM32/bin/../lib/gcc/arm-none-eabi/13.3.1/../../../../arm-none-eabi/lib/thumb/v7e-m+fp/hard\libc_nano.a(libc_a-fflush.o)
                0x08000a98                __sflush_r
 .text._fflush_r
                0x08000ba0       0x50 C:/ST/STM32CubeCLT_1.18.0/GNU-tools-for-STM32/bin/../lib/gcc/arm-none-eabi/13.3.1/../../../../arm-none-eabi/lib/thumb/v7e-m+fp/hard\libc_nano.a(libc_a-fflush.o)
                0x08000ba0                _fflush_r
 .text._sbrk_r  0x08000bf0       0x20 C:/ST/STM32CubeCLT_1.18.0/GNU-tools-for-STM32/bin/../lib/gcc/arm-none-eabi/13.3.1/../../../../arm-none-eabi/lib/thumb/v7e-m+fp/hard\libc_nano.a(libc_a-sbrkr.o)
                0x08000bf0                _sbrk_r
 .text.SystemInit
                0x08000c10       0x24 cmake/stm32cubemx/CMakeFiles/STM32_Drivers.dir/__/__/Src/system_stm32l4xx.c.obj
                0x08000c10                SystemInit
 .text.HAL_I2C_Init
                0x08000c34      0x136 cmake/stm32cubemx/CMakeFiles/STM32_Drivers.dir/__/__/Drivers/STM32L4xx_HAL_Driver/Src/stm32l4xx_hal_i2c.c.obj
                0x08000c34                HAL_I2C_Init
 *fill*         0x08000d6a        0x2 
 .text.HAL_I2C_Mem_Write
                0x08000d6c      0x228 cmake/stm32cubemx/CMakeFiles/STM32_Drivers.dir/__/__/Drivers/STM32L4xx_HAL_Driver/Src/stm32l4xx_hal_i2c.c.obj
                0x08000d6c                HAL_I2C_Mem_Write
 .text.I2C_RequestMemoryWrite
                0x08000f94       0xa8 cmake/stm32cubemx/CMakeFiles/STM32_Drivers.dir/__/__/Drivers/STM32L4xx_HAL_Driver/Src/stm32l4xx_hal_i2c.c.obj
 .text.I2C_Flush_TXDR
                0x0800103c       0x48 cmake/stm32cubemx/CMakeFiles/STM32_Drivers.dir/__/__/Drivers/STM32L4xx_HAL_Driver/Src/stm32l4xx_hal_i2c.c.obj
 .text.I2C_WaitOnFlagUntilTimeout
                0x08001084       0xb2 cmake/stm32cubemx/CMakeFiles/STM32_Drivers.dir/__/__/Drivers/STM32L4xx_HAL_Driver/Src/stm32l4xx_hal_i2c.c.obj
 .text.I2C_WaitOnTXISFlagUntilTimeout
                0x08001136       0x8e cmake/stm32cubemx/CMakeFiles/STM32_Drivers.dir/__/__/Drivers/STM32L4xx_HAL_Driver/Src/stm32l4xx_hal_i2c.c.obj
 .text.I2C_WaitOnSTOPFlagUntilTimeout
                0x080011c4       0x86 cmake/stm32cubemx/CMakeFiles/STM32_Drivers.dir/__/__/Drivers/STM32L4xx_HAL_Driver/Src/stm32l4xx_hal_i2c.c.obj
 *fill*         0x0800124a        0x2 
 .text.I2C_IsErrorOccurred
                0x0800124c      0x1c0 cmake/stm32cubemx/CMakeFiles/STM32_Drivers.dir/__/__/Drivers/STM32L4xx_HAL_Driver/Src/stm32l4xx_hal_i2c.c.obj
 .text.I2C_TransferConfig
                0x0800140c       0x64 cmake/stm32cubemx/CMakeFiles/STM32_Drivers.dir/__/__/Drivers/STM32L4xx_HAL_Driver/Src/stm32l4xx_hal_i2c.c.obj
 .text.HAL_I2CEx_ConfigAnalogFilter
                0x08001470       0x96 cmake/stm32cubemx/CMakeFiles/STM32_Drivers.dir/__/__/Drivers/STM32L4xx_HAL_Driver/Src/stm32l4xx_hal_i2c_ex.c.obj
                0x08001470                HAL_I2CEx_ConfigAnalogFilter
 .text.HAL_I2CEx_ConfigDigitalFilter
                0x08001506       0x98 cmake/stm32cubemx/CMakeFiles/STM32_Drivers.dir/__/__/Drivers/STM32L4xx_HAL_Driver/Src/stm32l4xx_hal_i2c_ex.c.obj
                0x08001506                HAL_I2CEx_ConfigDigitalFilter
 *fill*         0x0800159e        0x2 
 .text.HAL_Init
                0x080015a0       0x40 cmake/stm32cubemx/CMakeFiles/STM32_Drivers.dir/__/__/Drivers/STM32L4xx_HAL_Driver/Src/stm32l4xx_hal.c.obj
                0x080015a0                HAL_Init
 .text.HAL_InitTick
                0x080015e0       0x78 cmake/stm32cubemx/CMakeFiles/STM32_Drivers.dir/__/__/Drivers/STM32L4xx_HAL_Driver/Src/stm32l4xx_hal.c.obj
                0x080015e0                HAL_InitTick
 .text.HAL_IncTick
                0x08001658       0x28 cmake/stm32cubemx/CMakeFiles/STM32_Drivers.dir/__/__/Drivers/STM32L4xx_HAL_Driver/Src/stm32l4xx_hal.c.obj
                0x08001658                HAL_IncTick
 .text.HAL_GetTick
                0x08001680       0x18 cmake/stm32cubemx/CMakeFiles/STM32_Drivers.dir/__/__/Drivers/STM32L4xx_HAL_Driver/Src/stm32l4xx_hal.c.obj
                0x08001680                HAL_GetTick
 .text.HAL_Delay
                0x08001698       0x48 cmake/stm32cubemx/CMakeFiles/STM32_Drivers.dir/__/__/Drivers/STM32L4xx_HAL_Driver/Src/stm32l4xx_hal.c.obj
                0x08001698                HAL_Delay
 .text.HAL_RCC_OscConfig
                0x080016e0      0x7b8 cmake/stm32cubemx/CMakeFiles/STM32_Drivers.dir/__/__/Drivers/STM32L4xx_HAL_Driver/Src/stm32l4xx_hal_rcc.c.obj
                0x080016e0                HAL_RCC_OscConfig
 .text.HAL_RCC_ClockConfig
                0x08001e98      0x200 cmake/stm32cubemx/CMakeFiles/STM32_Drivers.dir/__/__/Drivers/STM32L4xx_HAL_Driver/Src/stm32l4xx_hal_rcc.c.obj
                0x08001e98                HAL_RCC_ClockConfig
 .text.HAL_RCC_GetSysClockFreq
                0x08002098      0x118 cmake/stm32cubemx/CMakeFiles/STM32_Drivers.dir/__/__/Drivers/STM32L4xx_HAL_Driver/Src/stm32l4xx_hal_rcc.c.obj
                0x08002098                HAL_RCC_GetSysClockFreq
 .text.HAL_RCC_GetHCLKFreq
                0x080021b0       0x18 cmake/stm32cubemx/CMakeFiles/STM32_Drivers.dir/__/__/Drivers/STM32L4xx_HAL_Driver/Src/stm32l4xx_hal_rcc.c.obj
                0x080021b0                HAL_RCC_GetHCLKFreq
 .text.HAL_RCC_GetPCLK1Freq
                0x080021c8       0x2c cmake/stm32cubemx/CMakeFiles/STM32_Drivers.dir/__/__/Drivers/STM32L4xx_HAL_Driver/Src/stm32l4xx_hal_rcc.c.obj
                0x080021c8                HAL_RCC_GetPCLK1Freq
 .text.HAL_RCC_GetPCLK2Freq
                0x080021f4       0x2c cmake/stm32cubemx/CMakeFiles/STM32_Drivers.dir/__/__/Drivers/STM32L4xx_HAL_Driver/Src/stm32l4xx_hal_rcc.c.obj
                0x080021f4                HAL_RCC_GetPCLK2Freq
 .text.RCC_SetFlashLatencyFromMSIRange
                0x08002220       0xc0 cmake/stm32cubemx/CMakeFiles/STM32_Drivers.dir/__/__/Drivers/STM32L4xx_HAL_Driver/Src/stm32l4xx_hal_rcc.c.obj
 .text.HAL_RCCEx_PeriphCLKConfig
                0x080022e0      0x5d4 cmake/stm32cubemx/CMakeFiles/STM32_Drivers.dir/__/__/Drivers/STM32L4xx_HAL_Driver/Src/stm32l4xx_hal_rcc_ex.c.obj
                0x080022e0                HAL_RCCEx_PeriphCLKConfig
 .text.RCCEx_PLLSAI1_Config
                0x080028b4      0x1e8 cmake/stm32cubemx/CMakeFiles/STM32_Drivers.dir/__/__/Drivers/STM32L4xx_HAL_Driver/Src/stm32l4xx_hal_rcc_ex.c.obj
 .text.RCCEx_PLLSAI2_Config
                0x08002a9c      0x1bc cmake/stm32cubemx/CMakeFiles/STM32_Drivers.dir/__/__/Drivers/STM32L4xx_HAL_Driver/Src/stm32l4xx_hal_rcc_ex.c.obj
 .text.HAL_GPIO_Init
                0x08002c58      0x354 cmake/stm32cubemx/CMakeFiles/STM32_Drivers.dir/__/__/Drivers/STM32L4xx_HAL_Driver/Src/stm32l4xx_hal_gpio.c.obj
                0x08002c58                HAL_GPIO_Init
 .text.HAL_GPIO_ReadPin
                0x08002fac       0x30 cmake/stm32cubemx/CMakeFiles/STM32_Drivers.dir/__/__/Drivers/STM32L4xx_HAL_Driver/Src/stm32l4xx_hal_gpio.c.obj
                0x08002fac                HAL_GPIO_ReadPin
 .text.HAL_GPIO_WritePin
                0x08002fdc       0x30 cmake/stm32cubemx/CMakeFiles/STM32_Drivers.dir/__/__/Drivers/STM32L4xx_HAL_Driver/Src/stm32l4xx_hal_gpio.c.obj
                0x08002fdc                HAL_GPIO_WritePin
 .text.HAL_GPIO_EXTI_IRQHandler
                0x0800300c       0x30 cmake/stm32cubemx/CMakeFiles/STM32_Drivers.dir/__/__/Drivers/STM32L4xx_HAL_Driver/Src/stm32l4xx_hal_gpio.c.obj
                0x0800300c                HAL_GPIO_EXTI_IRQHandler
 .text.HAL_DMA_Abort
                0x0800303c       0x7c cmake/stm32cubemx/CMakeFiles/STM32_Drivers.dir/__/__/Drivers/STM32L4xx_HAL_Driver/Src/stm32l4xx_hal_dma.c.obj
                0x0800303c                HAL_DMA_Abort
 .text.HAL_DMA_Abort_IT
                0x080030b8       0x82 cmake/stm32cubemx/CMakeFiles/STM32_Drivers.dir/__/__/Drivers/STM32L4xx_HAL_Driver/Src/stm32l4xx_hal_dma.c.obj
                0x080030b8                HAL_DMA_Abort_IT
 *fill*         0x0800313a        0x2 
 .text.HAL_PWREx_GetVoltageRange
                0x0800313c       0x1c cmake/stm32cubemx/CMakeFiles/STM32_Drivers.dir/__/__/Drivers/STM32L4xx_HAL_Driver/Src/stm32l4xx_hal_pwr_ex.c.obj
                0x0800313c                HAL_PWREx_GetVoltageRange
 .text.HAL_PWREx_ControlVoltageScaling
                0x08003158       0xac cmake/stm32cubemx/CMakeFiles/STM32_Drivers.dir/__/__/Drivers/STM32L4xx_HAL_Driver/Src/stm32l4xx_hal_pwr_ex.c.obj
                0x08003158                HAL_PWREx_ControlVoltageScaling
 .text.__NVIC_SetPriorityGrouping
                0x08003204       0x48 cmake/stm32cubemx/CMakeFiles/STM32_Drivers.dir/__/__/Drivers/STM32L4xx_HAL_Driver/Src/stm32l4xx_hal_cortex.c.obj
 .text.__NVIC_GetPriorityGrouping
                0x0800324c       0x1c cmake/stm32cubemx/CMakeFiles/STM32_Drivers.dir/__/__/Drivers/STM32L4xx_HAL_Driver/Src/stm32l4xx_hal_cortex.c.obj
 .text.__NVIC_EnableIRQ
                0x08003268       0x3c cmake/stm32cubemx/CMakeFiles/STM32_Drivers.dir/__/__/Drivers/STM32L4xx_HAL_Driver/Src/stm32l4xx_hal_cortex.c.obj
 .text.__NVIC_SetPriority
                0x080032a4       0x54 cmake/stm32cubemx/CMakeFiles/STM32_Drivers.dir/__/__/Drivers/STM32L4xx_HAL_Driver/Src/stm32l4xx_hal_cortex.c.obj
 .text.NVIC_EncodePriority
                0x080032f8       0x66 cmake/stm32cubemx/CMakeFiles/STM32_Drivers.dir/__/__/Drivers/STM32L4xx_HAL_Driver/Src/stm32l4xx_hal_cortex.c.obj
 *fill*         0x0800335e        0x2 
 .text.SysTick_Config
                0x08003360       0x44 cmake/stm32cubemx/CMakeFiles/STM32_Drivers.dir/__/__/Drivers/STM32L4xx_HAL_Driver/Src/stm32l4xx_hal_cortex.c.obj
 .text.HAL_NVIC_SetPriorityGrouping
                0x080033a4       0x16 cmake/stm32cubemx/CMakeFiles/STM32_Drivers.dir/__/__/Drivers/STM32L4xx_HAL_Driver/Src/stm32l4xx_hal_cortex.c.obj
                0x080033a4                HAL_NVIC_SetPriorityGrouping
 .text.HAL_NVIC_SetPriority
                0x080033ba       0x38 cmake/stm32cubemx/CMakeFiles/STM32_Drivers.dir/__/__/Drivers/STM32L4xx_HAL_Driver/Src/stm32l4xx_hal_cortex.c.obj
                0x080033ba                HAL_NVIC_SetPriority
 .text.HAL_NVIC_EnableIRQ
                0x080033f2       0x1c cmake/stm32cubemx/CMakeFiles/STM32_Drivers.dir/__/__/Drivers/STM32L4xx_HAL_Driver/Src/stm32l4xx_hal_cortex.c.obj
                0x080033f2                HAL_NVIC_EnableIRQ
 .text.HAL_SYSTICK_Config
                0x0800340e       0x18 cmake/stm32cubemx/CMakeFiles/STM32_Drivers.dir/__/__/Drivers/STM32L4xx_HAL_Driver/Src/stm32l4xx_hal_cortex.c.obj
                0x0800340e                HAL_SYSTICK_Config
 .text.HAL_UART_Init
                0x08003426       0x9c cmake/stm32cubemx/CMakeFiles/STM32_Drivers.dir/__/__/Drivers/STM32L4xx_HAL_Driver/Src/stm32l4xx_hal_uart.c.obj
                0x08003426                HAL_UART_Init
 .text.HAL_UART_Transmit
                0x080034c2      0x112 cmake/stm32cubemx/CMakeFiles/STM32_Drivers.dir/__/__/Drivers/STM32L4xx_HAL_Driver/Src/stm32l4xx_hal_uart.c.obj
                0x080034c2                HAL_UART_Transmit
 .text.HAL_UART_Receive_IT
                0x080035d4       0x98 cmake/stm32cubemx/CMakeFiles/STM32_Drivers.dir/__/__/Drivers/STM32L4xx_HAL_Driver/Src/stm32l4xx_hal_uart.c.obj
                0x080035d4                HAL_UART_Receive_IT
 .text.HAL_UART_IRQHandler
                0x0800366c      0x60c cmake/stm32cubemx/CMakeFiles/STM32_Drivers.dir/__/__/Drivers/STM32L4xx_HAL_Driver/Src/stm32l4xx_hal_uart.c.obj
                0x0800366c                HAL_UART_IRQHandler
 .text.HAL_UART_TxCpltCallback
                0x08003c78       0x14 cmake/stm32cubemx/CMakeFiles/STM32_Drivers.dir/__/__/Drivers/STM32L4xx_HAL_Driver/Src/stm32l4xx_hal_uart.c.obj
                0x08003c78                HAL_UART_TxCpltCallback
 .text.HAL_UART_ErrorCallback
                0x08003c8c       0x14 cmake/stm32cubemx/CMakeFiles/STM32_Drivers.dir/__/__/Drivers/STM32L4xx_HAL_Driver/Src/stm32l4xx_hal_uart.c.obj
                0x08003c8c                HAL_UART_ErrorCallback
 .text.HAL_UARTEx_RxEventCallback
                0x08003ca0       0x18 cmake/stm32cubemx/CMakeFiles/STM32_Drivers.dir/__/__/Drivers/STM32L4xx_HAL_Driver/Src/stm32l4xx_hal_uart.c.obj
                0x08003ca0                HAL_UARTEx_RxEventCallback
 .text.UART_SetConfig
                0x08003cb8      0x570 cmake/stm32cubemx/CMakeFiles/STM32_Drivers.dir/__/__/Drivers/STM32L4xx_HAL_Driver/Src/stm32l4xx_hal_uart.c.obj
                0x08003cb8                UART_SetConfig
 .text.UART_AdvFeatureConfig
                0x08004228      0x144 cmake/stm32cubemx/CMakeFiles/STM32_Drivers.dir/__/__/Drivers/STM32L4xx_HAL_Driver/Src/stm32l4xx_hal_uart.c.obj
                0x08004228                UART_AdvFeatureConfig
 .text.UART_CheckIdleState
                0x0800436c      0x150 cmake/stm32cubemx/CMakeFiles/STM32_Drivers.dir/__/__/Drivers/STM32L4xx_HAL_Driver/Src/stm32l4xx_hal_uart.c.obj
                0x0800436c                UART_CheckIdleState
 .text.UART_WaitOnFlagUntilTimeout
                0x080044bc       0xda cmake/stm32cubemx/CMakeFiles/STM32_Drivers.dir/__/__/Drivers/STM32L4xx_HAL_Driver/Src/stm32l4xx_hal_uart.c.obj
                0x080044bc                UART_WaitOnFlagUntilTimeout
 *fill*         0x08004596        0x2 
 .text.UART_Start_Receive_IT
                0x08004598      0x18c cmake/stm32cubemx/CMakeFiles/STM32_Drivers.dir/__/__/Drivers/STM32L4xx_HAL_Driver/Src/stm32l4xx_hal_uart.c.obj
                0x08004598                UART_Start_Receive_IT
 .text.UART_EndRxTransfer
                0x08004724       0xc8 cmake/stm32cubemx/CMakeFiles/STM32_Drivers.dir/__/__/Drivers/STM32L4xx_HAL_Driver/Src/stm32l4xx_hal_uart.c.obj
 .text.UART_DMAAbortOnError
                0x080047ec       0x2c cmake/stm32cubemx/CMakeFiles/STM32_Drivers.dir/__/__/Drivers/STM32L4xx_HAL_Driver/Src/stm32l4xx_hal_uart.c.obj
 .text.UART_EndTransmit_IT
                0x08004818       0x54 cmake/stm32cubemx/CMakeFiles/STM32_Drivers.dir/__/__/Drivers/STM32L4xx_HAL_Driver/Src/stm32l4xx_hal_uart.c.obj
 .text.UART_RxISR_8BIT
                0x0800486c      0x1bc cmake/stm32cubemx/CMakeFiles/STM32_Drivers.dir/__/__/Drivers/STM32L4xx_HAL_Driver/Src/stm32l4xx_hal_uart.c.obj
 .text.UART_RxISR_16BIT
                0x08004a28      0x1bc cmake/stm32cubemx/CMakeFiles/STM32_Drivers.dir/__/__/Drivers/STM32L4xx_HAL_Driver/Src/stm32l4xx_hal_uart.c.obj
 .text.HAL_UARTEx_WakeupCallback
                0x08004be4       0x14 cmake/stm32cubemx/CMakeFiles/STM32_Drivers.dir/__/__/Drivers/STM32L4xx_HAL_Driver/Src/stm32l4xx_hal_uart_ex.c.obj
                0x08004be4                HAL_UARTEx_WakeupCallback
 .text._write   0x08004bf8       0x2c CMakeFiles/4100901-Room_Control-CubeMX.dir/Src/main.c.obj
                0x08004bf8                _write
 .text.HAL_UART_RxCpltCallback
                0x08004c24       0x40 CMakeFiles/4100901-Room_Control-CubeMX.dir/Src/main.c.obj
                0x08004c24                HAL_UART_RxCpltCallback
 .text.HAL_GPIO_EXTI_Callback
                0x08004c64       0x7c CMakeFiles/4100901-Room_Control-CubeMX.dir/Src/main.c.obj
                0x08004c64                HAL_GPIO_EXTI_Callback
 .text.blink_led
                0x08004ce0       0x44 CMakeFiles/4100901-Room_Control-CubeMX.dir/Src/main.c.obj
                0x08004ce0                blink_led
 .text.main     0x08004d24      0x284 CMakeFiles/4100901-Room_Control-CubeMX.dir/Src/main.c.obj
                0x08004d24                main
 .text.SystemClock_Config
                0x08004fa8       0xa2 CMakeFiles/4100901-Room_Control-CubeMX.dir/Src/main.c.obj
                0x08004fa8                SystemClock_Config
 *fill*         0x0800504a        0x2 
 .text.MX_I2C1_Init
                0x0800504c       0x80 CMakeFiles/4100901-Room_Control-CubeMX.dir/Src/main.c.obj
 .text.MX_USART2_UART_Init
                0x080050cc       0x60 CMakeFiles/4100901-Room_Control-CubeMX.dir/Src/main.c.obj
 .text.MX_GPIO_Init
                0x0800512c      0x170 CMakeFiles/4100901-Room_Control-CubeMX.dir/Src/main.c.obj
 .text.Error_Handler
                0x0800529c        0xc CMakeFiles/4100901-Room_Control-CubeMX.dir/Src/main.c.obj
                0x0800529c                Error_Handler
 .text.NMI_Handler
                0x080052a8        0x8 CMakeFiles/4100901-Room_Control-CubeMX.dir/Src/stm32l4xx_it.c.obj
                0x080052a8                NMI_Handler
 .text.HardFault_Handler
                0x080052b0        0x8 CMakeFiles/4100901-Room_Control-CubeMX.dir/Src/stm32l4xx_it.c.obj
                0x080052b0                HardFault_Handler
 .text.MemManage_Handler
                0x080052b8        0x8 CMakeFiles/4100901-Room_Control-CubeMX.dir/Src/stm32l4xx_it.c.obj
                0x080052b8                MemManage_Handler
 .text.BusFault_Handler
                0x080052c0        0x8 CMakeFiles/4100901-Room_Control-CubeMX.dir/Src/stm32l4xx_it.c.obj
                0x080052c0                BusFault_Handler
 .text.UsageFault_Handler
                0x080052c8        0x8 CMakeFiles/4100901-Room_Control-CubeMX.dir/Src/stm32l4xx_it.c.obj
                0x080052c8                UsageFault_Handler
 .text.SVC_Handler
                0x080052d0        0xe CMakeFiles/4100901-Room_Control-CubeMX.dir/Src/stm32l4xx_it.c.obj
                0x080052d0                SVC_Handler
 .text.DebugMon_Handler
                0x080052de        0xe CMakeFiles/4100901-Room_Control-CubeMX.dir/Src/stm32l4xx_it.c.obj
                0x080052de                DebugMon_Handler
 .text.PendSV_Handler
                0x080052ec        0xe CMakeFiles/4100901-Room_Control-CubeMX.dir/Src/stm32l4xx_it.c.obj
                0x080052ec                PendSV_Handler
 .text.SysTick_Handler
                0x080052fa        0xc CMakeFiles/4100901-Room_Control-CubeMX.dir/Src/stm32l4xx_it.c.obj
                0x080052fa                SysTick_Handler
 .text.EXTI9_5_IRQHandler
                0x08005306       0x1e CMakeFiles/4100901-Room_Control-CubeMX.dir/Src/stm32l4xx_it.c.obj
                0x08005306                EXTI9_5_IRQHandler
 .text.USART2_IRQHandler
                0x08005324       0x14 CMakeFiles/4100901-Room_Control-CubeMX.dir/Src/stm32l4xx_it.c.obj
                0x08005324                USART2_IRQHandler
 .text.EXTI15_10_IRQHandler
                0x08005338       0x18 CMakeFiles/4100901-Room_Control-CubeMX.dir/Src/stm32l4xx_it.c.obj
                0x08005338                EXTI15_10_IRQHandler
 .text.HAL_MspInit
                0x08005350       0x48 CMakeFiles/4100901-Room_Control-CubeMX.dir/Src/stm32l4xx_hal_msp.c.obj
                0x08005350                HAL_MspInit
 .text.HAL_I2C_MspInit
                0x08005398       0xbc CMakeFiles/4100901-Room_Control-CubeMX.dir/Src/stm32l4xx_hal_msp.c.obj
                0x08005398                HAL_I2C_MspInit
 .text.HAL_UART_MspInit
                0x08005454       0xc8 CMakeFiles/4100901-Room_Control-CubeMX.dir/Src/stm32l4xx_hal_msp.c.obj
                0x08005454                HAL_UART_MspInit
 .text._sbrk    0x0800551c       0x6c CMakeFiles/4100901-Room_Control-CubeMX.dir/Src/sysmem.c.obj
                0x0800551c                _sbrk
 .text._read    0x08005588       0x3a CMakeFiles/4100901-Room_Control-CubeMX.dir/Src/syscalls.c.obj
                0x08005588                _read
 .text._close   0x080055c2       0x18 CMakeFiles/4100901-Room_Control-CubeMX.dir/Src/syscalls.c.obj
                0x080055c2                _close
 .text._fstat   0x080055da       0x20 CMakeFiles/4100901-Room_Control-CubeMX.dir/Src/syscalls.c.obj
                0x080055da                _fstat
 .text._isatty  0x080055fa       0x16 CMakeFiles/4100901-Room_Control-CubeMX.dir/Src/syscalls.c.obj
                0x080055fa                _isatty
 .text._lseek   0x08005610       0x1a CMakeFiles/4100901-Room_Control-CubeMX.dir/Src/syscalls.c.obj
                0x08005610                _lseek
 *fill*         0x0800562a        0x2 
 .text.Reset_Handler
                0x0800562c       0x50 CMakeFiles/4100901-Room_Control-CubeMX.dir/startup_stm32l476xx.s.obj
                0x0800562c                Reset_Handler
 .text.Default_Handler
                0x0800567c        0x2 CMakeFiles/4100901-Room_Control-CubeMX.dir/startup_stm32l476xx.s.obj
                0x0800567c                RTC_Alarm_IRQHandler
                0x0800567c                EXTI2_IRQHandler
                0x0800567c                TIM8_TRG_COM_IRQHandler
                0x0800567c                TIM8_CC_IRQHandler
                0x0800567c                TIM1_CC_IRQHandler
                0x0800567c                TSC_IRQHandler
                0x0800567c                TAMP_STAMP_IRQHandler
                0x0800567c                EXTI3_IRQHandler
                0x0800567c                LPTIM2_IRQHandler
                0x0800567c                DFSDM1_FLT1_IRQHandler
                0x0800567c                I2C3_ER_IRQHandler
                0x0800567c                DFSDM1_FLT2_IRQHandler
                0x0800567c                EXTI0_IRQHandler
                0x0800567c                I2C2_EV_IRQHandler
                0x0800567c                CAN1_RX0_IRQHandler
                0x0800567c                FPU_IRQHandler
                0x0800567c                TIM1_UP_TIM16_IRQHandler
                0x0800567c                ADC1_2_IRQHandler
                0x0800567c                SPI1_IRQHandler
                0x0800567c                TIM6_DAC_IRQHandler
                0x0800567c                TIM8_UP_IRQHandler
                0x0800567c                DMA2_Channel2_IRQHandler
                0x0800567c                DMA1_Channel4_IRQHandler
                0x0800567c                SAI2_IRQHandler
                0x0800567c                DFSDM1_FLT3_IRQHandler
                0x0800567c                USART3_IRQHandler
                0x0800567c                DMA1_Channel7_IRQHandler
                0x0800567c                CAN1_RX1_IRQHandler
                0x0800567c                LCD_IRQHandler
                0x0800567c                UART5_IRQHandler
                0x0800567c                ADC3_IRQHandler
                0x0800567c                TIM4_IRQHandler
                0x0800567c                DMA2_Channel1_IRQHandler
                0x0800567c                QUADSPI_IRQHandler
                0x0800567c                I2C1_EV_IRQHandler
                0x0800567c                DMA1_Channel6_IRQHandler
                0x0800567c                UART4_IRQHandler
                0x0800567c                DMA2_Channel4_IRQHandler
                0x0800567c                TIM3_IRQHandler
                0x0800567c                RCC_IRQHandler
                0x0800567c                DMA1_Channel1_IRQHandler
                0x0800567c                Default_Handler
                0x0800567c                DMA2_Channel7_IRQHandler
                0x0800567c                TIM7_IRQHandler
                0x0800567c                SDMMC1_IRQHandler
                0x0800567c                TIM5_IRQHandler
                0x0800567c                I2C3_EV_IRQHandler
                0x0800567c                RTC_WKUP_IRQHandler
                0x0800567c                PVD_PVM_IRQHandler
                0x0800567c                SPI2_IRQHandler
                0x0800567c                CAN1_TX_IRQHandler
                0x0800567c                DMA2_Channel5_IRQHandler
                0x0800567c                DMA1_Channel5_IRQHandler
                0x0800567c                EXTI4_IRQHandler
                0x0800567c                RNG_IRQHandler
                0x0800567c                TIM1_TRG_COM_TIM17_IRQHandler
                0x0800567c                DMA1_Channel3_IRQHandler
                0x0800567c                COMP_IRQHandler
                0x0800567c                WWDG_IRQHandler
                0x0800567c                LPUART1_IRQHandler
                0x0800567c                DMA2_Channel6_IRQHandler
                0x0800567c                TIM2_IRQHandler
                0x0800567c                EXTI1_IRQHandler
                0x0800567c                DFSDM1_FLT0_IRQHandler
                0x0800567c                I2C2_ER_IRQHandler
                0x0800567c                DMA1_Channel2_IRQHandler
                0x0800567c                TIM8_BRK_IRQHandler
                0x0800567c                CAN1_SCE_IRQHandler
                0x0800567c                FLASH_IRQHandler
                0x0800567c                USART1_IRQHandler
                0x0800567c                OTG_FS_IRQHandler
                0x0800567c                SPI3_IRQHandler
                0x0800567c                I2C1_ER_IRQHandler
                0x0800567c                FMC_IRQHandler
                0x0800567c                SWPMI1_IRQHandler
                0x0800567c                LPTIM1_IRQHandler
                0x0800567c                SAI1_IRQHandler
                0x0800567c                DMA2_Channel3_IRQHandler
                0x0800567c                TIM1_BRK_TIM15_IRQHandler
 .text.led_init
                0x0800567e       0x20 CMakeFiles/4100901-Room_Control-CubeMX.dir/Src/led_driver.c.obj
                0x0800567e                led_init
 .text.led_on   0x0800569e       0x20 CMakeFiles/4100901-Room_Control-CubeMX.dir/Src/led_driver.c.obj
                0x0800569e                led_on
 .text.led_off  0x080056be       0x20 CMakeFiles/4100901-Room_Control-CubeMX.dir/Src/led_driver.c.obj
                0x080056be                led_off
 .text.ring_buffer_init
                0x080056de       0x38 CMakeFiles/4100901-Room_Control-CubeMX.dir/Src/ring_buffer.c.obj
                0x080056de                ring_buffer_init
 .text.ring_buffer_write
                0x08005716       0x76 CMakeFiles/4100901-Room_Control-CubeMX.dir/Src/ring_buffer.c.obj
                0x08005716                ring_buffer_write
 .text.ring_buffer_read
                0x0800578c       0x66 CMakeFiles/4100901-Room_Control-CubeMX.dir/Src/ring_buffer.c.obj
                0x0800578c                ring_buffer_read
 .text.ring_buffer_count
                0x080057f2       0x50 CMakeFiles/4100901-Room_Control-CubeMX.dir/Src/ring_buffer.c.obj
                0x080057f2                ring_buffer_count
 .text.keypad_init
                0x08005842       0xc8 CMakeFiles/4100901-Room_Control-CubeMX.dir/Src/keypad_driver.c.obj
                0x08005842                keypad_init
 *fill*         0x0800590a        0x2 
 .text.keypad_scan
                0x0800590c      0x218 CMakeFiles/4100901-Room_Control-CubeMX.dir/Src/keypad_driver.c.obj
                0x0800590c                keypad_scan
 .text.ssd1306_Reset
                0x08005b24        0xe CMakeFiles/4100901-Room_Control-CubeMX.dir/Drivers/ssd1306/ssd1306.c.obj
                0x08005b24                ssd1306_Reset
 *fill*         0x08005b32        0x2 
 .text.ssd1306_WriteCommand
                0x08005b34       0x30 CMakeFiles/4100901-Room_Control-CubeMX.dir/Drivers/ssd1306/ssd1306.c.obj
                0x08005b34                ssd1306_WriteCommand
 .text.ssd1306_WriteData
                0x08005b64       0x34 CMakeFiles/4100901-Room_Control-CubeMX.dir/Drivers/ssd1306/ssd1306.c.obj
                0x08005b64                ssd1306_WriteData
 .text.ssd1306_Init
                0x08005b98       0xd4 CMakeFiles/4100901-Room_Control-CubeMX.dir/Drivers/ssd1306/ssd1306.c.obj
                0x08005b98                ssd1306_Init
 .text.ssd1306_Fill
                0x08005c6c       0x30 CMakeFiles/4100901-Room_Control-CubeMX.dir/Drivers/ssd1306/ssd1306.c.obj
                0x08005c6c                ssd1306_Fill
 .text.ssd1306_UpdateScreen
                0x08005c9c       0x50 CMakeFiles/4100901-Room_Control-CubeMX.dir/Drivers/ssd1306/ssd1306.c.obj
                0x08005c9c                ssd1306_UpdateScreen
 .text.ssd1306_DrawPixel
                0x08005cec       0xa8 CMakeFiles/4100901-Room_Control-CubeMX.dir/Drivers/ssd1306/ssd1306.c.obj
                0x08005cec                ssd1306_DrawPixel
 .text.ssd1306_WriteChar
                0x08005d94      0x124 CMakeFiles/4100901-Room_Control-CubeMX.dir/Drivers/ssd1306/ssd1306.c.obj
                0x08005d94                ssd1306_WriteChar
 .text.ssd1306_WriteString
                0x08005eb8       0x4c CMakeFiles/4100901-Room_Control-CubeMX.dir/Drivers/ssd1306/ssd1306.c.obj
                0x08005eb8                ssd1306_WriteString
 .text.ssd1306_SetCursor
                0x08005f04       0x30 CMakeFiles/4100901-Room_Control-CubeMX.dir/Drivers/ssd1306/ssd1306.c.obj
                0x08005f04                ssd1306_SetCursor
 .text.ssd1306_SetContrast
                0x08005f34       0x26 CMakeFiles/4100901-Room_Control-CubeMX.dir/Drivers/ssd1306/ssd1306.c.obj
                0x08005f34                ssd1306_SetContrast
 *fill*         0x08005f5a        0x2 
 .text.ssd1306_SetDisplayOn
                0x08005f5c       0x3c CMakeFiles/4100901-Room_Control-CubeMX.dir/Drivers/ssd1306/ssd1306.c.obj
                0x08005f5c                ssd1306_SetDisplayOn
 .text.printf   0x08005f98       0x24 C:/ST/STM32CubeCLT_1.18.0/GNU-tools-for-STM32/bin/../lib/gcc/arm-none-eabi/13.3.1/../../../../arm-none-eabi/lib/thumb/v7e-m+fp/hard\libg_nano.a(libc_a-printf.o)
                0x08005f98                iprintf
                0x08005f98                printf
 .text._puts_r  0x08005fbc       0xaa C:/ST/STM32CubeCLT_1.18.0/GNU-tools-for-STM32/bin/../lib/gcc/arm-none-eabi/13.3.1/../../../../arm-none-eabi/lib/thumb/v7e-m+fp/hard\libg_nano.a(libc_a-puts.o)
                0x08005fbc                _puts_r
 *fill*         0x08006066        0x2 
 .text.puts     0x08006068       0x10 C:/ST/STM32CubeCLT_1.18.0/GNU-tools-for-STM32/bin/../lib/gcc/arm-none-eabi/13.3.1/../../../../arm-none-eabi/lib/thumb/v7e-m+fp/hard\libg_nano.a(libc_a-puts.o)
                0x08006068                puts
 .text.__swbuf_r
                0x08006078       0x7c C:/ST/STM32CubeCLT_1.18.0/GNU-tools-for-STM32/bin/../lib/gcc/arm-none-eabi/13.3.1/../../../../arm-none-eabi/lib/thumb/v7e-m+fp/hard\libg_nano.a(libc_a-wbuf.o)
                0x08006078                __swbuf_r
 .text.__swsetup_r
                0x080060f4       0xac C:/ST/STM32CubeCLT_1.18.0/GNU-tools-for-STM32/bin/../lib/gcc/arm-none-eabi/13.3.1/../../../../arm-none-eabi/lib/thumb/v7e-m+fp/hard\libg_nano.a(libc_a-wsetup.o)
                0x080060f4                __swsetup_r
 .text.__errno  0x080061a0        0xc C:/ST/STM32CubeCLT_1.18.0/GNU-tools-for-STM32/bin/../lib/gcc/arm-none-eabi/13.3.1/../../../../arm-none-eabi/lib/thumb/v7e-m+fp/hard\libg_nano.a(libc_a-errno.o)
                0x080061a0                __errno
 .text.__sfputc_r
                0x080061ac       0x2e C:/ST/STM32CubeCLT_1.18.0/GNU-tools-for-STM32/bin/../lib/gcc/arm-none-eabi/13.3.1/../../../../arm-none-eabi/lib/thumb/v7e-m+fp/hard\libg_nano.a(libc_a-nano-vfprintf.o)
 .text.__sfputs_r
                0x080061da       0x24 C:/ST/STM32CubeCLT_1.18.0/GNU-tools-for-STM32/bin/../lib/gcc/arm-none-eabi/13.3.1/../../../../arm-none-eabi/lib/thumb/v7e-m+fp/hard\libg_nano.a(libc_a-nano-vfprintf.o)
                0x080061da                __sfputs_r
 *fill*         0x080061fe        0x2 
 .text._vfprintf_r
                0x08006200      0x230 C:/ST/STM32CubeCLT_1.18.0/GNU-tools-for-STM32/bin/../lib/gcc/arm-none-eabi/13.3.1/../../../../arm-none-eabi/lib/thumb/v7e-m+fp/hard\libg_nano.a(libc_a-nano-vfprintf.o)
                0x08006200                _vfprintf_r
                0x08006200                _vfiprintf_r
 .text._printf_common
                0x08006430       0xda C:/ST/STM32CubeCLT_1.18.0/GNU-tools-for-STM32/bin/../lib/gcc/arm-none-eabi/13.3.1/../../../../arm-none-eabi/lib/thumb/v7e-m+fp/hard\libg_nano.a(libc_a-nano-vfprintf_i.o)
                0x08006430                _printf_common
 *fill*         0x0800650a        0x2 
 .text._printf_i
                0x0800650c      0x23c C:/ST/STM32CubeCLT_1.18.0/GNU-tools-for-STM32/bin/../lib/gcc/arm-none-eabi/13.3.1/../../../../arm-none-eabi/lib/thumb/v7e-m+fp/hard\libg_nano.a(libc_a-nano-vfprintf_i.o)
                0x0800650c                _printf_i
 .text.__swhatbuf_r
                0x08006748       0x4c C:/ST/STM32CubeCLT_1.18.0/GNU-tools-for-STM32/bin/../lib/gcc/arm-none-eabi/13.3.1/../../../../arm-none-eabi/lib/thumb/v7e-m+fp/hard\libg_nano.a(libc_a-makebuf.o)
                0x08006748                __swhatbuf_r
 .text.__smakebuf_r
                0x08006794       0x78 C:/ST/STM32CubeCLT_1.18.0/GNU-tools-for-STM32/bin/../lib/gcc/arm-none-eabi/13.3.1/../../../../arm-none-eabi/lib/thumb/v7e-m+fp/hard\libg_nano.a(libc_a-makebuf.o)
                0x08006794                __smakebuf_r
 .text._fstat_r
                0x0800680c       0x24 C:/ST/STM32CubeCLT_1.18.0/GNU-tools-for-STM32/bin/../lib/gcc/arm-none-eabi/13.3.1/../../../../arm-none-eabi/lib/thumb/v7e-m+fp/hard\libg_nano.a(libc_a-fstatr.o)
                0x0800680c                _fstat_r
 .text._isatty_r
                0x08006830       0x20 C:/ST/STM32CubeCLT_1.18.0/GNU-tools-for-STM32/bin/../lib/gcc/arm-none-eabi/13.3.1/../../../../arm-none-eabi/lib/thumb/v7e-m+fp/hard\libg_nano.a(libc_a-isattyr.o)
                0x08006830                _isatty_r
 *(.glue_7)
 .glue_7        0x08006850        0x0 linker stubs
 *(.glue_7t)
 .glue_7t       0x08006850        0x0 linker stubs
 *(.eh_frame)
 .eh_frame      0x08006850        0x0 C:/ST/STM32CubeCLT_1.18.0/GNU-tools-for-STM32/bin/../lib/gcc/arm-none-eabi/13.3.1/thumb/v7e-m+fp/hard/crtbegin.o
 *(.init)
 .init          0x08006850        0x4 C:/ST/STM32CubeCLT_1.18.0/GNU-tools-for-STM32/bin/../lib/gcc/arm-none-eabi/13.3.1/thumb/v7e-m+fp/hard/crti.o
                0x08006850                _init
 .init          0x08006854        0x8 C:/ST/STM32CubeCLT_1.18.0/GNU-tools-for-STM32/bin/../lib/gcc/arm-none-eabi/13.3.1/thumb/v7e-m+fp/hard/crtn.o
 *(.fini)
 .fini          0x0800685c        0x4 C:/ST/STM32CubeCLT_1.18.0/GNU-tools-for-STM32/bin/../lib/gcc/arm-none-eabi/13.3.1/thumb/v7e-m+fp/hard/crti.o
                0x0800685c                _fini
 .fini          0x08006860        0x8 C:/ST/STM32CubeCLT_1.18.0/GNU-tools-for-STM32/bin/../lib/gcc/arm-none-eabi/13.3.1/thumb/v7e-m+fp/hard/crtn.o
                0x08006868                        . = ALIGN (0x8)
                0x08006868                        _etext = .

.vfp11_veneer   0x08006868        0x0
 .vfp11_veneer  0x08006868        0x0 linker stubs

.v4_bx          0x08006868        0x0
 .v4_bx         0x08006868        0x0 linker stubs

.iplt           0x08006868        0x0
 .iplt          0x08006868        0x0 C:/ST/STM32CubeCLT_1.18.0/GNU-tools-for-STM32/bin/../lib/gcc/arm-none-eabi/13.3.1/thumb/v7e-m+fp/hard/crtbegin.o

.rodata         0x08006868      0x8e0
                0x08006868                        . = ALIGN (0x8)
 *(.rodata)
 .rodata        0x08006868       0xd1 CMakeFiles/4100901-Room_Control-CubeMX.dir/Src/main.c.obj
 *(.rodata*)
 *fill*         0x08006939        0x3 
 .rodata.AHBPrescTable
                0x0800693c       0x10 cmake/stm32cubemx/CMakeFiles/STM32_Drivers.dir/__/__/Src/system_stm32l4xx.c.obj
                0x0800693c                AHBPrescTable
 .rodata.APBPrescTable
                0x0800694c        0x8 cmake/stm32cubemx/CMakeFiles/STM32_Drivers.dir/__/__/Src/system_stm32l4xx.c.obj
                0x0800694c                APBPrescTable
 .rodata.MSIRangeTable
                0x08006954       0x30 cmake/stm32cubemx/CMakeFiles/STM32_Drivers.dir/__/__/Src/system_stm32l4xx.c.obj
                0x08006954                MSIRangeTable
 .rodata.access_code
                0x08006984        0x5 CMakeFiles/4100901-Room_Control-CubeMX.dir/Src/main.c.obj
                0x08006984                access_code
 *fill*         0x08006989        0x3 
 .rodata.key_mapping
                0x0800698c       0x10 CMakeFiles/4100901-Room_Control-CubeMX.dir/Src/keypad_driver.c.obj
 .rodata.Font7x10
                0x0800699c      0x76c CMakeFiles/4100901-Room_Control-CubeMX.dir/Drivers/ssd1306/ssd1306_fonts.c.obj
 .rodata.Font_7x10
                0x08007108        0xc CMakeFiles/4100901-Room_Control-CubeMX.dir/Drivers/ssd1306/ssd1306_fonts.c.obj
                0x08007108                Font_7x10
 .rodata._vfprintf_r.str1.1
                0x08007114       0x33 C:/ST/STM32CubeCLT_1.18.0/GNU-tools-for-STM32/bin/../lib/gcc/arm-none-eabi/13.3.1/../../../../arm-none-eabi/lib/thumb/v7e-m+fp/hard\libg_nano.a(libc_a-nano-vfprintf.o)
                                 0x11 (size before relaxing)
 .rodata._printf_i.str1.1
                0x08007147       0x22 C:/ST/STM32CubeCLT_1.18.0/GNU-tools-for-STM32/bin/../lib/gcc/arm-none-eabi/13.3.1/../../../../arm-none-eabi/lib/thumb/v7e-m+fp/hard\libg_nano.a(libc_a-nano-vfprintf_i.o)
                0x08007170                        . = ALIGN (0x8)
 *fill*         0x08007147        0x1 

.ARM.extab      0x08007148        0x0
                0x08007148                        . = ALIGN (0x8)
 *(.ARM.extab* .gnu.linkonce.armextab.*)
                0x08007148                        . = ALIGN (0x8)

.ARM            0x08007148        0x8
                0x08007148                        . = ALIGN (0x8)
                0x08007148                        __exidx_start = .
 *(.ARM.exidx*)
 .ARM.exidx     0x08007148        0x8 C:/ST/STM32CubeCLT_1.18.0/GNU-tools-for-STM32/bin/../lib/gcc/arm-none-eabi/13.3.1/thumb/v7e-m+fp/hard\libgcc.a(_udivmoddi4.o)
 .ARM.exidx     0x08007150        0x0 C:/ST/STM32CubeCLT_1.18.0/GNU-tools-for-STM32/bin/../lib/gcc/arm-none-eabi/13.3.1/../../../../arm-none-eabi/lib/thumb/v7e-m+fp/hard\libg_nano.a(libc_a-strcmp.o)
                                  0x8 (size before relaxing)
 .ARM.exidx     0x08007150        0x0 C:/ST/STM32CubeCLT_1.18.0/GNU-tools-for-STM32/bin/../lib/gcc/arm-none-eabi/13.3.1/../../../../arm-none-eabi/lib/thumb/v7e-m+fp/hard\libg_nano.a(libc_a-memchr.o)
                                  0x8 (size before relaxing)
                0x08007150                        __exidx_end = .
                0x08007150                        . = ALIGN (0x8)

.preinit_array  0x08007150        0x0
                0x08007150                        . = ALIGN (0x8)
                0x08007150                        PROVIDE (__preinit_array_start = .)
 *(.preinit_array*)
                0x08007150                        PROVIDE (__preinit_array_end = .)
                0x08007150                        . = ALIGN (0x8)

.init_array     0x08007150        0x8
                0x08007150                        . = ALIGN (0x8)
                0x08007150                        PROVIDE (__init_array_start = .)
 *(SORT_BY_NAME(.init_array.*))
 *(.init_array*)
 .init_array    0x08007150        0x4 C:/ST/STM32CubeCLT_1.18.0/GNU-tools-for-STM32/bin/../lib/gcc/arm-none-eabi/13.3.1/thumb/v7e-m+fp/hard/crtbegin.o
                0x08007154                        PROVIDE (__init_array_end = .)
                0x08007158                        . = ALIGN (0x8)
 *fill*         0x08007154        0x4 

.fini_array     0x08007158        0x8
                0x08007158                        . = ALIGN (0x8)
                [!provide]                        PROVIDE (__fini_array_start = .)
 *(SORT_BY_NAME(.fini_array.*))
 *(.fini_array*)
 .fini_array    0x08007158        0x4 C:/ST/STM32CubeCLT_1.18.0/GNU-tools-for-STM32/bin/../lib/gcc/arm-none-eabi/13.3.1/thumb/v7e-m+fp/hard/crtbegin.o
                [!provide]                        PROVIDE (__fini_array_end = .)
                0x08007160                        . = ALIGN (0x8)
 *fill*         0x0800715c        0x4 
                0x08007160                        _sidata = LOADADDR (.data)

.rel.dyn        0x08007160        0x0
 .rel.iplt      0x08007160        0x0 C:/ST/STM32CubeCLT_1.18.0/GNU-tools-for-STM32/bin/../lib/gcc/arm-none-eabi/13.3.1/thumb/v7e-m+fp/hard/crtbegin.o

.data           0x20000000       0xa0 load address 0x08007160
                0x20000000                        . = ALIGN (0x8)
                0x20000000                        _sdata = .
 *(.data)
 *(.data*)
 .data.__sglue  0x20000000        0xc C:/ST/STM32CubeCLT_1.18.0/GNU-tools-for-STM32/bin/../lib/gcc/arm-none-eabi/13.3.1/../../../../arm-none-eabi/lib/thumb/v7e-m+fp/hard\libc_nano.a(libc_a-findfp.o)
                0x20000000                __sglue
 .data._impure_ptr
                0x2000000c        0x4 C:/ST/STM32CubeCLT_1.18.0/GNU-tools-for-STM32/bin/../lib/gcc/arm-none-eabi/13.3.1/../../../../arm-none-eabi/lib/thumb/v7e-m+fp/hard\libc_nano.a(libc_a-impure.o)
                0x2000000c                _impure_ptr
 .data._impure_data
                0x20000010       0x4c C:/ST/STM32CubeCLT_1.18.0/GNU-tools-for-STM32/bin/../lib/gcc/arm-none-eabi/13.3.1/../../../../arm-none-eabi/lib/thumb/v7e-m+fp/hard\libc_nano.a(libc_a-impure.o)
                0x20000010                _impure_data
 .data.SystemCoreClock
                0x2000005c        0x4 cmake/stm32cubemx/CMakeFiles/STM32_Drivers.dir/__/__/Src/system_stm32l4xx.c.obj
                0x2000005c                SystemCoreClock
 .data.uwTickPrio
                0x20000060        0x4 cmake/stm32cubemx/CMakeFiles/STM32_Drivers.dir/__/__/Drivers/STM32L4xx_HAL_Driver/Src/stm32l4xx_hal.c.obj
                0x20000060                uwTickPrio
 .data.uwTickFreq
                0x20000064        0x1 cmake/stm32cubemx/CMakeFiles/STM32_Drivers.dir/__/__/Drivers/STM32L4xx_HAL_Driver/Src/stm32l4xx_hal.c.obj
                0x20000064                uwTickFreq
 *fill*         0x20000065        0x3 
 .data.led1     0x20000068        0x8 CMakeFiles/4100901-Room_Control-CubeMX.dir/Src/main.c.obj
                0x20000068                led1
 .data.keypad   0x20000070       0x30 CMakeFiles/4100901-Room_Control-CubeMX.dir/Src/main.c.obj
                0x20000070                keypad
 *(.RamFunc)
 *(.RamFunc*)
                0x200000a0                        . = ALIGN (0x8)
                0x200000a0                        _edata = .

.igot.plt       0x200000a0        0x0 load address 0x08007200
 .igot.plt      0x200000a0        0x0 C:/ST/STM32CubeCLT_1.18.0/GNU-tools-for-STM32/bin/../lib/gcc/arm-none-eabi/13.3.1/thumb/v7e-m+fp/hard/crtbegin.o
                0x200000a0                        . = ALIGN (0x4)

.bss            0x200000a0      0x6a0 load address 0x08007200
                0x200000a0                        _sbss = .
                0x200000a0                        __bss_start__ = _sbss
 *(.bss)
 .bss           0x200000a0       0x1c C:/ST/STM32CubeCLT_1.18.0/GNU-tools-for-STM32/bin/../lib/gcc/arm-none-eabi/13.3.1/thumb/v7e-m+fp/hard/crtbegin.o
 *(.bss*)
 .bss.__sf      0x200000bc      0x138 C:/ST/STM32CubeCLT_1.18.0/GNU-tools-for-STM32/bin/../lib/gcc/arm-none-eabi/13.3.1/../../../../arm-none-eabi/lib/thumb/v7e-m+fp/hard\libc_nano.a(libc_a-findfp.o)
                0x200000bc                __sf
 .bss.__stdio_exit_handler
                0x200001f4        0x4 C:/ST/STM32CubeCLT_1.18.0/GNU-tools-for-STM32/bin/../lib/gcc/arm-none-eabi/13.3.1/../../../../arm-none-eabi/lib/thumb/v7e-m+fp/hard\libc_nano.a(libc_a-findfp.o)
                0x200001f4                __stdio_exit_handler
 .bss.errno     0x200001f8        0x4 C:/ST/STM32CubeCLT_1.18.0/GNU-tools-for-STM32/bin/../lib/gcc/arm-none-eabi/13.3.1/../../../../arm-none-eabi/lib/thumb/v7e-m+fp/hard\libc_nano.a(libc_a-reent.o)
                0x200001f8                errno
 .bss.__lock___malloc_recursive_mutex
                0x200001fc        0x1 C:/ST/STM32CubeCLT_1.18.0/GNU-tools-for-STM32/bin/../lib/gcc/arm-none-eabi/13.3.1/../../../../arm-none-eabi/lib/thumb/v7e-m+fp/hard\libc_nano.a(libc_a-lock.o)
                0x200001fc                __lock___malloc_recursive_mutex
 .bss.__lock___sfp_recursive_mutex
                0x200001fd        0x1 C:/ST/STM32CubeCLT_1.18.0/GNU-tools-for-STM32/bin/../lib/gcc/arm-none-eabi/13.3.1/../../../../arm-none-eabi/lib/thumb/v7e-m+fp/hard\libc_nano.a(libc_a-lock.o)
                0x200001fd                __lock___sfp_recursive_mutex
 *fill*         0x200001fe        0x2 
 .bss.__malloc_sbrk_start
                0x20000200        0x4 C:/ST/STM32CubeCLT_1.18.0/GNU-tools-for-STM32/bin/../lib/gcc/arm-none-eabi/13.3.1/../../../../arm-none-eabi/lib/thumb/v7e-m+fp/hard\libc_nano.a(libc_a-mallocr.o)
                0x20000200                __malloc_sbrk_start
 .bss.__malloc_free_list
                0x20000204        0x4 C:/ST/STM32CubeCLT_1.18.0/GNU-tools-for-STM32/bin/../lib/gcc/arm-none-eabi/13.3.1/../../../../arm-none-eabi/lib/thumb/v7e-m+fp/hard\libc_nano.a(libc_a-mallocr.o)
                0x20000204                __malloc_free_list
 .bss.uwTick    0x20000208        0x4 cmake/stm32cubemx/CMakeFiles/STM32_Drivers.dir/__/__/Drivers/STM32L4xx_HAL_Driver/Src/stm32l4xx_hal.c.obj
                0x20000208                uwTick
 .bss.hi2c1     0x2000020c       0x54 CMakeFiles/4100901-Room_Control-CubeMX.dir/Src/main.c.obj
                0x2000020c                hi2c1
 .bss.huart2    0x20000260       0x88 CMakeFiles/4100901-Room_Control-CubeMX.dir/Src/main.c.obj
                0x20000260                huart2
 .bss.uart2_rx_buffer
                0x200002e8       0x10 CMakeFiles/4100901-Room_Control-CubeMX.dir/Src/main.c.obj
                0x200002e8                uart2_rx_buffer
 .bss.uart2_rx_rb
                0x200002f8        0xc CMakeFiles/4100901-Room_Control-CubeMX.dir/Src/main.c.obj
                0x200002f8                uart2_rx_rb
 .bss.uart2_rx_data
                0x20000304        0x1 CMakeFiles/4100901-Room_Control-CubeMX.dir/Src/main.c.obj
                0x20000304                uart2_rx_data
 *fill*         0x20000305        0x3 
 .bss.keypad_buffer
                0x20000308       0x10 CMakeFiles/4100901-Room_Control-CubeMX.dir/Src/main.c.obj
                0x20000308                keypad_buffer
 .bss.keypad_rb
                0x20000318        0xc CMakeFiles/4100901-Room_Control-CubeMX.dir/Src/main.c.obj
                0x20000318                keypad_rb
 .bss.entered_code
                0x20000324        0x5 CMakeFiles/4100901-Room_Control-CubeMX.dir/Src/main.c.obj
                0x20000324                entered_code
 .bss.entered_count
                0x20000329        0x1 CMakeFiles/4100901-Room_Control-CubeMX.dir/Src/main.c.obj
                0x20000329                entered_count
 .bss.access_granted
                0x2000032a        0x1 CMakeFiles/4100901-Room_Control-CubeMX.dir/Src/main.c.obj
                0x2000032a                access_granted
 .bss.access_denied
                0x2000032b        0x1 CMakeFiles/4100901-Room_Control-CubeMX.dir/Src/main.c.obj
                0x2000032b                access_denied
 .bss.last_interrupt_time
                0x2000032c        0x4 CMakeFiles/4100901-Room_Control-CubeMX.dir/Src/main.c.obj
                0x2000032c                last_interrupt_time
 .bss.__sbrk_heap_end
                0x20000330        0x4 CMakeFiles/4100901-Room_Control-CubeMX.dir/Src/sysmem.c.obj
 .bss.last_key_time.0
                0x20000334        0x4 CMakeFiles/4100901-Room_Control-CubeMX.dir/Src/keypad_driver.c.obj
 .bss.SSD1306_Buffer
                0x20000338      0x400 CMakeFiles/4100901-Room_Control-CubeMX.dir/Drivers/ssd1306/ssd1306.c.obj
 .bss.SSD1306   0x20000738        0x6 CMakeFiles/4100901-Room_Control-CubeMX.dir/Drivers/ssd1306/ssd1306.c.obj
 *(COMMON)
                0x20000740                        . = ALIGN (0x4)
 *fill*         0x2000073e        0x2 
                0x20000740                        _ebss = .
                0x20000740                        __bss_end__ = _ebss

._user_heap_stack
                0x20000740      0x600 load address 0x08007200
                0x20000740                        . = ALIGN (0x8)
                [!provide]                        PROVIDE (end = .)
                0x20000740                        PROVIDE (_end = .)
                0x20000940                        . = (. + _Min_Heap_Size)
 *fill*         0x20000740      0x200 
                0x20000d40                        . = (. + _Min_Stack_Size)
 *fill*         0x20000940      0x400 
                0x20000d40                        . = ALIGN (0x8)

/DISCARD/
 libc.a(*)
 libm.a(*)
 libgcc.a(*)
OUTPUT(4100901-Room_Control-CubeMX.elf elf32-littlearm)
LOAD linker stubs
LOAD C:/ST/STM32CubeCLT_1.18.0/GNU-tools-for-STM32/bin/../lib/gcc/arm-none-eabi/13.3.1/../../../../arm-none-eabi/lib/thumb/v7e-m+fp/hard\libc.a
LOAD C:/ST/STM32CubeCLT_1.18.0/GNU-tools-for-STM32/bin/../lib/gcc/arm-none-eabi/13.3.1/../../../../arm-none-eabi/lib/thumb/v7e-m+fp/hard\libm.a
LOAD C:/ST/STM32CubeCLT_1.18.0/GNU-tools-for-STM32/bin/../lib/gcc/arm-none-eabi/13.3.1/thumb/v7e-m+fp/hard\libgcc.a

.ARM.attributes
                0x00000000       0x30
 .ARM.attributes
                0x00000000       0x22 C:/ST/STM32CubeCLT_1.18.0/GNU-tools-for-STM32/bin/../lib/gcc/arm-none-eabi/13.3.1/thumb/v7e-m+fp/hard/crti.o
 .ARM.attributes
                0x00000022       0x34 C:/ST/STM32CubeCLT_1.18.0/GNU-tools-for-STM32/bin/../lib/gcc/arm-none-eabi/13.3.1/thumb/v7e-m+fp/hard/crtbegin.o
 .ARM.attributes
                0x00000056       0x34 C:/ST/STM32CubeCLT_1.18.0/GNU-tools-for-STM32/bin/../lib/gcc/arm-none-eabi/13.3.1/../../../../arm-none-eabi/lib/thumb/v7e-m+fp/hard\libc_nano.a(libc_a-findfp.o)
 .ARM.attributes
                0x0000008a       0x34 C:/ST/STM32CubeCLT_1.18.0/GNU-tools-for-STM32/bin/../lib/gcc/arm-none-eabi/13.3.1/../../../../arm-none-eabi/lib/thumb/v7e-m+fp/hard\libc_nano.a(libc_a-fwalk.o)
 .ARM.attributes
                0x000000be       0x34 C:/ST/STM32CubeCLT_1.18.0/GNU-tools-for-STM32/bin/../lib/gcc/arm-none-eabi/13.3.1/../../../../arm-none-eabi/lib/thumb/v7e-m+fp/hard\libc_nano.a(libc_a-stdio.o)
 .ARM.attributes
                0x000000f2       0x34 C:/ST/STM32CubeCLT_1.18.0/GNU-tools-for-STM32/bin/../lib/gcc/arm-none-eabi/13.3.1/../../../../arm-none-eabi/lib/thumb/v7e-m+fp/hard\libc_nano.a(libc_a-memset.o)
 .ARM.attributes
                0x00000126       0x34 C:/ST/STM32CubeCLT_1.18.0/GNU-tools-for-STM32/bin/../lib/gcc/arm-none-eabi/13.3.1/../../../../arm-none-eabi/lib/thumb/v7e-m+fp/hard\libc_nano.a(libc_a-closer.o)
 .ARM.attributes
                0x0000015a       0x34 C:/ST/STM32CubeCLT_1.18.0/GNU-tools-for-STM32/bin/../lib/gcc/arm-none-eabi/13.3.1/../../../../arm-none-eabi/lib/thumb/v7e-m+fp/hard\libc_nano.a(libc_a-reent.o)
 .ARM.attributes
                0x0000018e       0x34 C:/ST/STM32CubeCLT_1.18.0/GNU-tools-for-STM32/bin/../lib/gcc/arm-none-eabi/13.3.1/../../../../arm-none-eabi/lib/thumb/v7e-m+fp/hard\libc_nano.a(libc_a-impure.o)
 .ARM.attributes
                0x000001c2       0x34 C:/ST/STM32CubeCLT_1.18.0/GNU-tools-for-STM32/bin/../lib/gcc/arm-none-eabi/13.3.1/../../../../arm-none-eabi/lib/thumb/v7e-m+fp/hard\libc_nano.a(libc_a-lseekr.o)
 .ARM.attributes
                0x000001f6       0x34 C:/ST/STM32CubeCLT_1.18.0/GNU-tools-for-STM32/bin/../lib/gcc/arm-none-eabi/13.3.1/../../../../arm-none-eabi/lib/thumb/v7e-m+fp/hard\libc_nano.a(libc_a-readr.o)
 .ARM.attributes
                0x0000022a       0x34 C:/ST/STM32CubeCLT_1.18.0/GNU-tools-for-STM32/bin/../lib/gcc/arm-none-eabi/13.3.1/../../../../arm-none-eabi/lib/thumb/v7e-m+fp/hard\libc_nano.a(libc_a-writer.o)
 .ARM.attributes
                0x0000025e       0x34 C:/ST/STM32CubeCLT_1.18.0/GNU-tools-for-STM32/bin/../lib/gcc/arm-none-eabi/13.3.1/../../../../arm-none-eabi/lib/thumb/v7e-m+fp/hard\libc_nano.a(libc_a-init.o)
 .ARM.attributes
                0x00000292       0x34 C:/ST/STM32CubeCLT_1.18.0/GNU-tools-for-STM32/bin/../lib/gcc/arm-none-eabi/13.3.1/../../../../arm-none-eabi/lib/thumb/v7e-m+fp/hard\libc_nano.a(libc_a-lock.o)
 .ARM.attributes
                0x000002c6       0x34 C:/ST/STM32CubeCLT_1.18.0/GNU-tools-for-STM32/bin/../lib/gcc/arm-none-eabi/13.3.1/../../../../arm-none-eabi/lib/thumb/v7e-m+fp/hard\libc_nano.a(libc_a-freer.o)
 .ARM.attributes
                0x000002fa       0x34 C:/ST/STM32CubeCLT_1.18.0/GNU-tools-for-STM32/bin/../lib/gcc/arm-none-eabi/13.3.1/../../../../arm-none-eabi/lib/thumb/v7e-m+fp/hard\libc_nano.a(libc_a-mallocr.o)
 .ARM.attributes
                0x0000032e       0x34 C:/ST/STM32CubeCLT_1.18.0/GNU-tools-for-STM32/bin/../lib/gcc/arm-none-eabi/13.3.1/../../../../arm-none-eabi/lib/thumb/v7e-m+fp/hard\libc_nano.a(libc_a-mlock.o)
 .ARM.attributes
                0x00000362       0x34 C:/ST/STM32CubeCLT_1.18.0/GNU-tools-for-STM32/bin/../lib/gcc/arm-none-eabi/13.3.1/../../../../arm-none-eabi/lib/thumb/v7e-m+fp/hard\libc_nano.a(libc_a-fflush.o)
 .ARM.attributes
                0x00000396       0x34 C:/ST/STM32CubeCLT_1.18.0/GNU-tools-for-STM32/bin/../lib/gcc/arm-none-eabi/13.3.1/../../../../arm-none-eabi/lib/thumb/v7e-m+fp/hard\libc_nano.a(libc_a-sbrkr.o)
 .ARM.attributes
                0x000003ca       0x34 cmake/stm32cubemx/CMakeFiles/STM32_Drivers.dir/__/__/Src/system_stm32l4xx.c.obj
 .ARM.attributes
                0x000003fe       0x34 cmake/stm32cubemx/CMakeFiles/STM32_Drivers.dir/__/__/Drivers/STM32L4xx_HAL_Driver/Src/stm32l4xx_hal_i2c.c.obj
 .ARM.attributes
                0x00000432       0x34 cmake/stm32cubemx/CMakeFiles/STM32_Drivers.dir/__/__/Drivers/STM32L4xx_HAL_Driver/Src/stm32l4xx_hal_i2c_ex.c.obj
 .ARM.attributes
                0x00000466       0x34 cmake/stm32cubemx/CMakeFiles/STM32_Drivers.dir/__/__/Drivers/STM32L4xx_HAL_Driver/Src/stm32l4xx_hal.c.obj
 .ARM.attributes
                0x0000049a       0x34 cmake/stm32cubemx/CMakeFiles/STM32_Drivers.dir/__/__/Drivers/STM32L4xx_HAL_Driver/Src/stm32l4xx_hal_rcc.c.obj
 .ARM.attributes
                0x000004ce       0x34 cmake/stm32cubemx/CMakeFiles/STM32_Drivers.dir/__/__/Drivers/STM32L4xx_HAL_Driver/Src/stm32l4xx_hal_rcc_ex.c.obj
 .ARM.attributes
                0x00000502       0x34 cmake/stm32cubemx/CMakeFiles/STM32_Drivers.dir/__/__/Drivers/STM32L4xx_HAL_Driver/Src/stm32l4xx_hal_gpio.c.obj
 .ARM.attributes
                0x00000536       0x34 cmake/stm32cubemx/CMakeFiles/STM32_Drivers.dir/__/__/Drivers/STM32L4xx_HAL_Driver/Src/stm32l4xx_hal_dma.c.obj
 .ARM.attributes
                0x0000056a       0x34 cmake/stm32cubemx/CMakeFiles/STM32_Drivers.dir/__/__/Drivers/STM32L4xx_HAL_Driver/Src/stm32l4xx_hal_pwr_ex.c.obj
 .ARM.attributes
                0x0000059e       0x34 cmake/stm32cubemx/CMakeFiles/STM32_Drivers.dir/__/__/Drivers/STM32L4xx_HAL_Driver/Src/stm32l4xx_hal_cortex.c.obj
 .ARM.attributes
                0x000005d2       0x34 cmake/stm32cubemx/CMakeFiles/STM32_Drivers.dir/__/__/Drivers/STM32L4xx_HAL_Driver/Src/stm32l4xx_hal_uart.c.obj
 .ARM.attributes
                0x00000606       0x34 cmake/stm32cubemx/CMakeFiles/STM32_Drivers.dir/__/__/Drivers/STM32L4xx_HAL_Driver/Src/stm32l4xx_hal_uart_ex.c.obj
 .ARM.attributes
                0x0000063a       0x34 CMakeFiles/4100901-Room_Control-CubeMX.dir/Src/main.c.obj
 .ARM.attributes
                0x0000066e       0x34 CMakeFiles/4100901-Room_Control-CubeMX.dir/Src/stm32l4xx_it.c.obj
 .ARM.attributes
                0x000006a2       0x34 CMakeFiles/4100901-Room_Control-CubeMX.dir/Src/stm32l4xx_hal_msp.c.obj
 .ARM.attributes
                0x000006d6       0x34 CMakeFiles/4100901-Room_Control-CubeMX.dir/Src/sysmem.c.obj
 .ARM.attributes
                0x0000070a       0x34 CMakeFiles/4100901-Room_Control-CubeMX.dir/Src/syscalls.c.obj
 .ARM.attributes
                0x0000073e       0x21 CMakeFiles/4100901-Room_Control-CubeMX.dir/startup_stm32l476xx.s.obj
 .ARM.attributes
                0x0000075f       0x34 CMakeFiles/4100901-Room_Control-CubeMX.dir/Src/led_driver.c.obj
 .ARM.attributes
                0x00000793       0x34 CMakeFiles/4100901-Room_Control-CubeMX.dir/Src/ring_buffer.c.obj
 .ARM.attributes
                0x000007c7       0x34 CMakeFiles/4100901-Room_Control-CubeMX.dir/Src/keypad_driver.c.obj
 .ARM.attributes
                0x000007fb       0x34 CMakeFiles/4100901-Room_Control-CubeMX.dir/Drivers/ssd1306/ssd1306.c.obj
 .ARM.attributes
                0x0000082f       0x34 CMakeFiles/4100901-Room_Control-CubeMX.dir/Drivers/ssd1306/ssd1306_fonts.c.obj
 .ARM.attributes
                0x00000863       0x22 C:/ST/STM32CubeCLT_1.18.0/GNU-tools-for-STM32/bin/../lib/gcc/arm-none-eabi/13.3.1/thumb/v7e-m+fp/hard\libgcc.a(_aeabi_uldivmod.o)
 .ARM.attributes
                0x00000885       0x34 C:/ST/STM32CubeCLT_1.18.0/GNU-tools-for-STM32/bin/../lib/gcc/arm-none-eabi/13.3.1/thumb/v7e-m+fp/hard\libgcc.a(_udivmoddi4.o)
 .ARM.attributes
                0x000008b9       0x22 C:/ST/STM32CubeCLT_1.18.0/GNU-tools-for-STM32/bin/../lib/gcc/arm-none-eabi/13.3.1/thumb/v7e-m+fp/hard\libgcc.a(_dvmd_tls.o)
 .ARM.attributes
                0x000008db       0x34 C:/ST/STM32CubeCLT_1.18.0/GNU-tools-for-STM32/bin/../lib/gcc/arm-none-eabi/13.3.1/../../../../arm-none-eabi/lib/thumb/v7e-m+fp/hard\libg_nano.a(libc_a-printf.o)
 .ARM.attributes
                0x0000090f       0x34 C:/ST/STM32CubeCLT_1.18.0/GNU-tools-for-STM32/bin/../lib/gcc/arm-none-eabi/13.3.1/../../../../arm-none-eabi/lib/thumb/v7e-m+fp/hard\libg_nano.a(libc_a-puts.o)
 .ARM.attributes
                0x00000943       0x34 C:/ST/STM32CubeCLT_1.18.0/GNU-tools-for-STM32/bin/../lib/gcc/arm-none-eabi/13.3.1/../../../../arm-none-eabi/lib/thumb/v7e-m+fp/hard\libg_nano.a(libc_a-wbuf.o)
 .ARM.attributes
                0x00000977       0x34 C:/ST/STM32CubeCLT_1.18.0/GNU-tools-for-STM32/bin/../lib/gcc/arm-none-eabi/13.3.1/../../../../arm-none-eabi/lib/thumb/v7e-m+fp/hard\libg_nano.a(libc_a-wsetup.o)
 .ARM.attributes
                0x000009ab       0x34 C:/ST/STM32CubeCLT_1.18.0/GNU-tools-for-STM32/bin/../lib/gcc/arm-none-eabi/13.3.1/../../../../arm-none-eabi/lib/thumb/v7e-m+fp/hard\libg_nano.a(libc_a-errno.o)
 .ARM.attributes
                0x000009df       0x20 C:/ST/STM32CubeCLT_1.18.0/GNU-tools-for-STM32/bin/../lib/gcc/arm-none-eabi/13.3.1/../../../../arm-none-eabi/lib/thumb/v7e-m+fp/hard\libg_nano.a(libc_a-strcmp.o)
 .ARM.attributes
                0x000009ff       0x34 C:/ST/STM32CubeCLT_1.18.0/GNU-tools-for-STM32/bin/../lib/gcc/arm-none-eabi/13.3.1/../../../../arm-none-eabi/lib/thumb/v7e-m+fp/hard\libg_nano.a(libc_a-nano-vfprintf.o)
 .ARM.attributes
                0x00000a33       0x34 C:/ST/STM32CubeCLT_1.18.0/GNU-tools-for-STM32/bin/../lib/gcc/arm-none-eabi/13.3.1/../../../../arm-none-eabi/lib/thumb/v7e-m+fp/hard\libg_nano.a(libc_a-nano-vfprintf_i.o)
 .ARM.attributes
                0x00000a67       0x34 C:/ST/STM32CubeCLT_1.18.0/GNU-tools-for-STM32/bin/../lib/gcc/arm-none-eabi/13.3.1/../../../../arm-none-eabi/lib/thumb/v7e-m+fp/hard\libg_nano.a(libc_a-makebuf.o)
 .ARM.attributes
                0x00000a9b       0x34 C:/ST/STM32CubeCLT_1.18.0/GNU-tools-for-STM32/bin/../lib/gcc/arm-none-eabi/13.3.1/../../../../arm-none-eabi/lib/thumb/v7e-m+fp/hard\libg_nano.a(libc_a-fstatr.o)
 .ARM.attributes
                0x00000acf       0x34 C:/ST/STM32CubeCLT_1.18.0/GNU-tools-for-STM32/bin/../lib/gcc/arm-none-eabi/13.3.1/../../../../arm-none-eabi/lib/thumb/v7e-m+fp/hard\libg_nano.a(libc_a-isattyr.o)
 .ARM.attributes
                0x00000b03       0x1c C:/ST/STM32CubeCLT_1.18.0/GNU-tools-for-STM32/bin/../lib/gcc/arm-none-eabi/13.3.1/../../../../arm-none-eabi/lib/thumb/v7e-m+fp/hard\libg_nano.a(libc_a-memchr.o)
 .ARM.attributes
                0x00000b1f       0x22 C:/ST/STM32CubeCLT_1.18.0/GNU-tools-for-STM32/bin/../lib/gcc/arm-none-eabi/13.3.1/thumb/v7e-m+fp/hard/crtn.o

.comment        0x00000000       0x43
 .comment       0x00000000       0x43 cmake/stm32cubemx/CMakeFiles/STM32_Drivers.dir/__/__/Src/system_stm32l4xx.c.obj
                                 0x44 (size before relaxing)
 .comment       0x00000043       0x44 cmake/stm32cubemx/CMakeFiles/STM32_Drivers.dir/__/__/Drivers/STM32L4xx_HAL_Driver/Src/stm32l4xx_hal_i2c.c.obj
 .comment       0x00000043       0x44 cmake/stm32cubemx/CMakeFiles/STM32_Drivers.dir/__/__/Drivers/STM32L4xx_HAL_Driver/Src/stm32l4xx_hal_i2c_ex.c.obj
 .comment       0x00000043       0x44 cmake/stm32cubemx/CMakeFiles/STM32_Drivers.dir/__/__/Drivers/STM32L4xx_HAL_Driver/Src/stm32l4xx_hal.c.obj
 .comment       0x00000043       0x44 cmake/stm32cubemx/CMakeFiles/STM32_Drivers.dir/__/__/Drivers/STM32L4xx_HAL_Driver/Src/stm32l4xx_hal_rcc.c.obj
 .comment       0x00000043       0x44 cmake/stm32cubemx/CMakeFiles/STM32_Drivers.dir/__/__/Drivers/STM32L4xx_HAL_Driver/Src/stm32l4xx_hal_rcc_ex.c.obj
 .comment       0x00000043       0x44 cmake/stm32cubemx/CMakeFiles/STM32_Drivers.dir/__/__/Drivers/STM32L4xx_HAL_Driver/Src/stm32l4xx_hal_gpio.c.obj
 .comment       0x00000043       0x44 cmake/stm32cubemx/CMakeFiles/STM32_Drivers.dir/__/__/Drivers/STM32L4xx_HAL_Driver/Src/stm32l4xx_hal_dma.c.obj
 .comment       0x00000043       0x44 cmake/stm32cubemx/CMakeFiles/STM32_Drivers.dir/__/__/Drivers/STM32L4xx_HAL_Driver/Src/stm32l4xx_hal_pwr_ex.c.obj
 .comment       0x00000043       0x44 cmake/stm32cubemx/CMakeFiles/STM32_Drivers.dir/__/__/Drivers/STM32L4xx_HAL_Driver/Src/stm32l4xx_hal_cortex.c.obj
 .comment       0x00000043       0x44 cmake/stm32cubemx/CMakeFiles/STM32_Drivers.dir/__/__/Drivers/STM32L4xx_HAL_Driver/Src/stm32l4xx_hal_uart.c.obj
 .comment       0x00000043       0x44 cmake/stm32cubemx/CMakeFiles/STM32_Drivers.dir/__/__/Drivers/STM32L4xx_HAL_Driver/Src/stm32l4xx_hal_uart_ex.c.obj
 .comment       0x00000043       0x44 CMakeFiles/4100901-Room_Control-CubeMX.dir/Src/main.c.obj
 .comment       0x00000043       0x44 CMakeFiles/4100901-Room_Control-CubeMX.dir/Src/stm32l4xx_it.c.obj
 .comment       0x00000043       0x44 CMakeFiles/4100901-Room_Control-CubeMX.dir/Src/stm32l4xx_hal_msp.c.obj
 .comment       0x00000043       0x44 CMakeFiles/4100901-Room_Control-CubeMX.dir/Src/sysmem.c.obj
 .comment       0x00000043       0x44 CMakeFiles/4100901-Room_Control-CubeMX.dir/Src/syscalls.c.obj
 .comment       0x00000043       0x44 CMakeFiles/4100901-Room_Control-CubeMX.dir/Src/led_driver.c.obj
 .comment       0x00000043       0x44 CMakeFiles/4100901-Room_Control-CubeMX.dir/Src/ring_buffer.c.obj
 .comment       0x00000043       0x44 CMakeFiles/4100901-Room_Control-CubeMX.dir/Src/keypad_driver.c.obj
 .comment       0x00000043       0x44 CMakeFiles/4100901-Room_Control-CubeMX.dir/Drivers/ssd1306/ssd1306.c.obj
 .comment       0x00000043       0x44 CMakeFiles/4100901-Room_Control-CubeMX.dir/Drivers/ssd1306/ssd1306_fonts.c.obj
 .comment       0x00000043       0x44 C:/ST/STM32CubeCLT_1.18.0/GNU-tools-for-STM32/bin/../lib/gcc/arm-none-eabi/13.3.1/../../../../arm-none-eabi/lib/thumb/v7e-m+fp/hard\libg_nano.a(libc_a-printf.o)
 .comment       0x00000043       0x44 C:/ST/STM32CubeCLT_1.18.0/GNU-tools-for-STM32/bin/../lib/gcc/arm-none-eabi/13.3.1/../../../../arm-none-eabi/lib/thumb/v7e-m+fp/hard\libg_nano.a(libc_a-puts.o)
 .comment       0x00000043       0x44 C:/ST/STM32CubeCLT_1.18.0/GNU-tools-for-STM32/bin/../lib/gcc/arm-none-eabi/13.3.1/../../../../arm-none-eabi/lib/thumb/v7e-m+fp/hard\libg_nano.a(libc_a-wbuf.o)
 .comment       0x00000043       0x44 C:/ST/STM32CubeCLT_1.18.0/GNU-tools-for-STM32/bin/../lib/gcc/arm-none-eabi/13.3.1/../../../../arm-none-eabi/lib/thumb/v7e-m+fp/hard\libg_nano.a(libc_a-wsetup.o)
 .comment       0x00000043       0x44 C:/ST/STM32CubeCLT_1.18.0/GNU-tools-for-STM32/bin/../lib/gcc/arm-none-eabi/13.3.1/../../../../arm-none-eabi/lib/thumb/v7e-m+fp/hard\libg_nano.a(libc_a-errno.o)
 .comment       0x00000043       0x44 C:/ST/STM32CubeCLT_1.18.0/GNU-tools-for-STM32/bin/../lib/gcc/arm-none-eabi/13.3.1/../../../../arm-none-eabi/lib/thumb/v7e-m+fp/hard\libg_nano.a(libc_a-nano-vfprintf.o)
 .comment       0x00000043       0x44 C:/ST/STM32CubeCLT_1.18.0/GNU-tools-for-STM32/bin/../lib/gcc/arm-none-eabi/13.3.1/../../../../arm-none-eabi/lib/thumb/v7e-m+fp/hard\libg_nano.a(libc_a-nano-vfprintf_i.o)
 .comment       0x00000043       0x44 C:/ST/STM32CubeCLT_1.18.0/GNU-tools-for-STM32/bin/../lib/gcc/arm-none-eabi/13.3.1/../../../../arm-none-eabi/lib/thumb/v7e-m+fp/hard\libg_nano.a(libc_a-makebuf.o)
 .comment       0x00000043       0x44 C:/ST/STM32CubeCLT_1.18.0/GNU-tools-for-STM32/bin/../lib/gcc/arm-none-eabi/13.3.1/../../../../arm-none-eabi/lib/thumb/v7e-m+fp/hard\libg_nano.a(libc_a-fstatr.o)
 .comment       0x00000043       0x44 C:/ST/STM32CubeCLT_1.18.0/GNU-tools-for-STM32/bin/../lib/gcc/arm-none-eabi/13.3.1/../../../../arm-none-eabi/lib/thumb/v7e-m+fp/hard\libg_nano.a(libc_a-isattyr.o)

.debug_frame    0x00000000     0x4610
 .debug_frame   0x00000000      0x144 C:/ST/STM32CubeCLT_1.18.0/GNU-tools-for-STM32/bin/../lib/gcc/arm-none-eabi/13.3.1/../../../../arm-none-eabi/lib/thumb/v7e-m+fp/hard\libc_nano.a(libc_a-findfp.o)
 .debug_frame   0x00000144       0x34 C:/ST/STM32CubeCLT_1.18.0/GNU-tools-for-STM32/bin/../lib/gcc/arm-none-eabi/13.3.1/../../../../arm-none-eabi/lib/thumb/v7e-m+fp/hard\libc_nano.a(libc_a-fwalk.o)
 .debug_frame   0x00000178       0x88 C:/ST/STM32CubeCLT_1.18.0/GNU-tools-for-STM32/bin/../lib/gcc/arm-none-eabi/13.3.1/../../../../arm-none-eabi/lib/thumb/v7e-m+fp/hard\libc_nano.a(libc_a-stdio.o)
 .debug_frame   0x00000200       0x20 C:/ST/STM32CubeCLT_1.18.0/GNU-tools-for-STM32/bin/../lib/gcc/arm-none-eabi/13.3.1/../../../../arm-none-eabi/lib/thumb/v7e-m+fp/hard\libc_nano.a(libc_a-memset.o)
 .debug_frame   0x00000220       0x2c C:/ST/STM32CubeCLT_1.18.0/GNU-tools-for-STM32/bin/../lib/gcc/arm-none-eabi/13.3.1/../../../../arm-none-eabi/lib/thumb/v7e-m+fp/hard\libc_nano.a(libc_a-closer.o)
 .debug_frame   0x0000024c       0x38 C:/ST/STM32CubeCLT_1.18.0/GNU-tools-for-STM32/bin/../lib/gcc/arm-none-eabi/13.3.1/../../../../arm-none-eabi/lib/thumb/v7e-m+fp/hard\libc_nano.a(libc_a-reent.o)
 .debug_frame   0x00000284       0x2c C:/ST/STM32CubeCLT_1.18.0/GNU-tools-for-STM32/bin/../lib/gcc/arm-none-eabi/13.3.1/../../../../arm-none-eabi/lib/thumb/v7e-m+fp/hard\libc_nano.a(libc_a-lseekr.o)
 .debug_frame   0x000002b0       0x2c C:/ST/STM32CubeCLT_1.18.0/GNU-tools-for-STM32/bin/../lib/gcc/arm-none-eabi/13.3.1/../../../../arm-none-eabi/lib/thumb/v7e-m+fp/hard\libc_nano.a(libc_a-readr.o)
 .debug_frame   0x000002dc       0x2c C:/ST/STM32CubeCLT_1.18.0/GNU-tools-for-STM32/bin/../lib/gcc/arm-none-eabi/13.3.1/../../../../arm-none-eabi/lib/thumb/v7e-m+fp/hard\libc_nano.a(libc_a-writer.o)
 .debug_frame   0x00000308       0x2c C:/ST/STM32CubeCLT_1.18.0/GNU-tools-for-STM32/bin/../lib/gcc/arm-none-eabi/13.3.1/../../../../arm-none-eabi/lib/thumb/v7e-m+fp/hard\libc_nano.a(libc_a-init.o)
 .debug_frame   0x00000334       0xb0 C:/ST/STM32CubeCLT_1.18.0/GNU-tools-for-STM32/bin/../lib/gcc/arm-none-eabi/13.3.1/../../../../arm-none-eabi/lib/thumb/v7e-m+fp/hard\libc_nano.a(libc_a-lock.o)
 .debug_frame   0x000003e4       0x38 C:/ST/STM32CubeCLT_1.18.0/GNU-tools-for-STM32/bin/../lib/gcc/arm-none-eabi/13.3.1/../../../../arm-none-eabi/lib/thumb/v7e-m+fp/hard\libc_nano.a(libc_a-freer.o)
 .debug_frame   0x0000041c       0x50 C:/ST/STM32CubeCLT_1.18.0/GNU-tools-for-STM32/bin/../lib/gcc/arm-none-eabi/13.3.1/../../../../arm-none-eabi/lib/thumb/v7e-m+fp/hard\libc_nano.a(libc_a-mallocr.o)
 .debug_frame   0x0000046c       0x30 C:/ST/STM32CubeCLT_1.18.0/GNU-tools-for-STM32/bin/../lib/gcc/arm-none-eabi/13.3.1/../../../../arm-none-eabi/lib/thumb/v7e-m+fp/hard\libc_nano.a(libc_a-mlock.o)
 .debug_frame   0x0000049c       0x5c C:/ST/STM32CubeCLT_1.18.0/GNU-tools-for-STM32/bin/../lib/gcc/arm-none-eabi/13.3.1/../../../../arm-none-eabi/lib/thumb/v7e-m+fp/hard\libc_nano.a(libc_a-fflush.o)
 .debug_frame   0x000004f8       0x2c C:/ST/STM32CubeCLT_1.18.0/GNU-tools-for-STM32/bin/../lib/gcc/arm-none-eabi/13.3.1/../../../../arm-none-eabi/lib/thumb/v7e-m+fp/hard\libc_nano.a(libc_a-sbrkr.o)
 .debug_frame   0x00000524       0x58 cmake/stm32cubemx/CMakeFiles/STM32_Drivers.dir/__/__/Src/system_stm32l4xx.c.obj
 .debug_frame   0x0000057c      0xc38 cmake/stm32cubemx/CMakeFiles/STM32_Drivers.dir/__/__/Drivers/STM32L4xx_HAL_Driver/Src/stm32l4xx_hal_i2c.c.obj
 .debug_frame   0x000011b4      0x100 cmake/stm32cubemx/CMakeFiles/STM32_Drivers.dir/__/__/Drivers/STM32L4xx_HAL_Driver/Src/stm32l4xx_hal_i2c_ex.c.obj
 .debug_frame   0x000012b4      0x498 cmake/stm32cubemx/CMakeFiles/STM32_Drivers.dir/__/__/Drivers/STM32L4xx_HAL_Driver/Src/stm32l4xx_hal.c.obj
 .debug_frame   0x0000174c      0x21c cmake/stm32cubemx/CMakeFiles/STM32_Drivers.dir/__/__/Drivers/STM32L4xx_HAL_Driver/Src/stm32l4xx_hal_rcc.c.obj
 .debug_frame   0x00001968      0x2fc cmake/stm32cubemx/CMakeFiles/STM32_Drivers.dir/__/__/Drivers/STM32L4xx_HAL_Driver/Src/stm32l4xx_hal_rcc_ex.c.obj
 .debug_frame   0x00001c64      0x14c cmake/stm32cubemx/CMakeFiles/STM32_Drivers.dir/__/__/Drivers/STM32L4xx_HAL_Driver/Src/stm32l4xx_hal_gpio.c.obj
 .debug_frame   0x00001db0      0x204 cmake/stm32cubemx/CMakeFiles/STM32_Drivers.dir/__/__/Drivers/STM32L4xx_HAL_Driver/Src/stm32l4xx_hal_dma.c.obj
 .debug_frame   0x00001fb4      0x584 cmake/stm32cubemx/CMakeFiles/STM32_Drivers.dir/__/__/Drivers/STM32L4xx_HAL_Driver/Src/stm32l4xx_hal_pwr_ex.c.obj
 .debug_frame   0x00002538      0x4e8 cmake/stm32cubemx/CMakeFiles/STM32_Drivers.dir/__/__/Drivers/STM32L4xx_HAL_Driver/Src/stm32l4xx_hal_cortex.c.obj
 .debug_frame   0x00002a20      0x9f4 cmake/stm32cubemx/CMakeFiles/STM32_Drivers.dir/__/__/Drivers/STM32L4xx_HAL_Driver/Src/stm32l4xx_hal_uart.c.obj
 .debug_frame   0x00003414      0x204 cmake/stm32cubemx/CMakeFiles/STM32_Drivers.dir/__/__/Drivers/STM32L4xx_HAL_Driver/Src/stm32l4xx_hal_uart_ex.c.obj
 .debug_frame   0x00003618      0x17c CMakeFiles/4100901-Room_Control-CubeMX.dir/Src/main.c.obj
 .debug_frame   0x00003794      0x158 CMakeFiles/4100901-Room_Control-CubeMX.dir/Src/stm32l4xx_it.c.obj
 .debug_frame   0x000038ec       0xd0 CMakeFiles/4100901-Room_Control-CubeMX.dir/Src/stm32l4xx_hal_msp.c.obj
 .debug_frame   0x000039bc       0x34 CMakeFiles/4100901-Room_Control-CubeMX.dir/Src/sysmem.c.obj
 .debug_frame   0x000039f0      0x2ac CMakeFiles/4100901-Room_Control-CubeMX.dir/Src/syscalls.c.obj
 .debug_frame   0x00003c9c       0xa0 CMakeFiles/4100901-Room_Control-CubeMX.dir/Src/led_driver.c.obj
 .debug_frame   0x00003d3c      0x128 CMakeFiles/4100901-Room_Control-CubeMX.dir/Src/ring_buffer.c.obj
 .debug_frame   0x00003e64       0x5c CMakeFiles/4100901-Room_Control-CubeMX.dir/Src/keypad_driver.c.obj
 .debug_frame   0x00003ec0      0x3e4 CMakeFiles/4100901-Room_Control-CubeMX.dir/Drivers/ssd1306/ssd1306.c.obj
 .debug_frame   0x000042a4       0x2c C:/ST/STM32CubeCLT_1.18.0/GNU-tools-for-STM32/bin/../lib/gcc/arm-none-eabi/13.3.1/thumb/v7e-m+fp/hard\libgcc.a(_aeabi_uldivmod.o)
 .debug_frame   0x000042d0       0x34 C:/ST/STM32CubeCLT_1.18.0/GNU-tools-for-STM32/bin/../lib/gcc/arm-none-eabi/13.3.1/thumb/v7e-m+fp/hard\libgcc.a(_udivmoddi4.o)
 .debug_frame   0x00004304       0x6c C:/ST/STM32CubeCLT_1.18.0/GNU-tools-for-STM32/bin/../lib/gcc/arm-none-eabi/13.3.1/../../../../arm-none-eabi/lib/thumb/v7e-m+fp/hard\libg_nano.a(libc_a-printf.o)
 .debug_frame   0x00004370       0x3c C:/ST/STM32CubeCLT_1.18.0/GNU-tools-for-STM32/bin/../lib/gcc/arm-none-eabi/13.3.1/../../../../arm-none-eabi/lib/thumb/v7e-m+fp/hard\libg_nano.a(libc_a-puts.o)
 .debug_frame   0x000043ac       0x40 C:/ST/STM32CubeCLT_1.18.0/GNU-tools-for-STM32/bin/../lib/gcc/arm-none-eabi/13.3.1/../../../../arm-none-eabi/lib/thumb/v7e-m+fp/hard\libg_nano.a(libc_a-wbuf.o)
 .debug_frame   0x000043ec       0x2c C:/ST/STM32CubeCLT_1.18.0/GNU-tools-for-STM32/bin/../lib/gcc/arm-none-eabi/13.3.1/../../../../arm-none-eabi/lib/thumb/v7e-m+fp/hard\libg_nano.a(libc_a-wsetup.o)
 .debug_frame   0x00004418       0x20 C:/ST/STM32CubeCLT_1.18.0/GNU-tools-for-STM32/bin/../lib/gcc/arm-none-eabi/13.3.1/../../../../arm-none-eabi/lib/thumb/v7e-m+fp/hard\libg_nano.a(libc_a-errno.o)
 .debug_frame   0x00004438       0x20 C:/ST/STM32CubeCLT_1.18.0/GNU-tools-for-STM32/bin/../lib/gcc/arm-none-eabi/13.3.1/../../../../arm-none-eabi/lib/thumb/v7e-m+fp/hard\libg_nano.a(libc_a-strcmp.o)
 .debug_frame   0x00004458       0xa8 C:/ST/STM32CubeCLT_1.18.0/GNU-tools-for-STM32/bin/../lib/gcc/arm-none-eabi/13.3.1/../../../../arm-none-eabi/lib/thumb/v7e-m+fp/hard\libg_nano.a(libc_a-nano-vfprintf.o)
 .debug_frame   0x00004500       0x60 C:/ST/STM32CubeCLT_1.18.0/GNU-tools-for-STM32/bin/../lib/gcc/arm-none-eabi/13.3.1/../../../../arm-none-eabi/lib/thumb/v7e-m+fp/hard\libg_nano.a(libc_a-nano-vfprintf_i.o)
 .debug_frame   0x00004560       0x58 C:/ST/STM32CubeCLT_1.18.0/GNU-tools-for-STM32/bin/../lib/gcc/arm-none-eabi/13.3.1/../../../../arm-none-eabi/lib/thumb/v7e-m+fp/hard\libg_nano.a(libc_a-makebuf.o)
 .debug_frame   0x000045b8       0x2c C:/ST/STM32CubeCLT_1.18.0/GNU-tools-for-STM32/bin/../lib/gcc/arm-none-eabi/13.3.1/../../../../arm-none-eabi/lib/thumb/v7e-m+fp/hard\libg_nano.a(libc_a-fstatr.o)
 .debug_frame   0x000045e4       0x2c C:/ST/STM32CubeCLT_1.18.0/GNU-tools-for-STM32/bin/../lib/gcc/arm-none-eabi/13.3.1/../../../../arm-none-eabi/lib/thumb/v7e-m+fp/hard\libg_nano.a(libc_a-isattyr.o)

.debug_info     0x00000000    0x18250
 .debug_info    0x00000000      0x5b1 cmake/stm32cubemx/CMakeFiles/STM32_Drivers.dir/__/__/Src/system_stm32l4xx.c.obj
 .debug_info    0x000005b1     0x20d2 cmake/stm32cubemx/CMakeFiles/STM32_Drivers.dir/__/__/Drivers/STM32L4xx_HAL_Driver/Src/stm32l4xx_hal_i2c.c.obj
 .debug_info    0x00002683      0x975 cmake/stm32cubemx/CMakeFiles/STM32_Drivers.dir/__/__/Drivers/STM32L4xx_HAL_Driver/Src/stm32l4xx_hal_i2c_ex.c.obj
 .debug_info    0x00002ff8      0xc09 cmake/stm32cubemx/CMakeFiles/STM32_Drivers.dir/__/__/Drivers/STM32L4xx_HAL_Driver/Src/stm32l4xx_hal.c.obj
 .debug_info    0x00003c01      0xc14 cmake/stm32cubemx/CMakeFiles/STM32_Drivers.dir/__/__/Drivers/STM32L4xx_HAL_Driver/Src/stm32l4xx_hal_rcc.c.obj
 .debug_info    0x00004815      0xe11 cmake/stm32cubemx/CMakeFiles/STM32_Drivers.dir/__/__/Drivers/STM32L4xx_HAL_Driver/Src/stm32l4xx_hal_rcc_ex.c.obj
 .debug_info    0x00005626      0x757 cmake/stm32cubemx/CMakeFiles/STM32_Drivers.dir/__/__/Drivers/STM32L4xx_HAL_Driver/Src/stm32l4xx_hal_gpio.c.obj
 .debug_info    0x00005d7d      0x6f4 cmake/stm32cubemx/CMakeFiles/STM32_Drivers.dir/__/__/Drivers/STM32L4xx_HAL_Driver/Src/stm32l4xx_hal_dma.c.obj
 .debug_info    0x00006471      0x99e cmake/stm32cubemx/CMakeFiles/STM32_Drivers.dir/__/__/Drivers/STM32L4xx_HAL_Driver/Src/stm32l4xx_hal_pwr_ex.c.obj
 .debug_info    0x00006e0f      0xd81 cmake/stm32cubemx/CMakeFiles/STM32_Drivers.dir/__/__/Drivers/STM32L4xx_HAL_Driver/Src/stm32l4xx_hal_cortex.c.obj
 .debug_info    0x00007b90     0x3b69 cmake/stm32cubemx/CMakeFiles/STM32_Drivers.dir/__/__/Drivers/STM32L4xx_HAL_Driver/Src/stm32l4xx_hal_uart.c.obj
 .debug_info    0x0000b6f9      0xdff cmake/stm32cubemx/CMakeFiles/STM32_Drivers.dir/__/__/Drivers/STM32L4xx_HAL_Driver/Src/stm32l4xx_hal_uart_ex.c.obj
 .debug_info    0x0000c4f8     0x192e CMakeFiles/4100901-Room_Control-CubeMX.dir/Src/main.c.obj
 .debug_info    0x0000de26      0x760 CMakeFiles/4100901-Room_Control-CubeMX.dir/Src/stm32l4xx_it.c.obj
 .debug_info    0x0000e586     0x130c CMakeFiles/4100901-Room_Control-CubeMX.dir/Src/stm32l4xx_hal_msp.c.obj
 .debug_info    0x0000f892      0x168 CMakeFiles/4100901-Room_Control-CubeMX.dir/Src/sysmem.c.obj
 .debug_info    0x0000f9fa      0x6a3 CMakeFiles/4100901-Room_Control-CubeMX.dir/Src/syscalls.c.obj
 .debug_info    0x0001009d       0x30 CMakeFiles/4100901-Room_Control-CubeMX.dir/startup_stm32l476xx.s.obj
 .debug_info    0x000100cd      0x27a CMakeFiles/4100901-Room_Control-CubeMX.dir/Src/led_driver.c.obj
 .debug_info    0x00010347      0x243 CMakeFiles/4100901-Room_Control-CubeMX.dir/Src/ring_buffer.c.obj
 .debug_info    0x0001058a      0x42c CMakeFiles/4100901-Room_Control-CubeMX.dir/Src/keypad_driver.c.obj
 .debug_info    0x000109b6     0x1277 CMakeFiles/4100901-Room_Control-CubeMX.dir/Drivers/ssd1306/ssd1306.c.obj
 .debug_info    0x00011c2d      0x2a4 CMakeFiles/4100901-Room_Control-CubeMX.dir/Drivers/ssd1306/ssd1306_fonts.c.obj
 .debug_info    0x00011ed1      0x841 C:/ST/STM32CubeCLT_1.18.0/GNU-tools-for-STM32/bin/../lib/gcc/arm-none-eabi/13.3.1/../../../../arm-none-eabi/lib/thumb/v7e-m+fp/hard\libg_nano.a(libc_a-printf.o)
 .debug_info    0x00012712      0x950 C:/ST/STM32CubeCLT_1.18.0/GNU-tools-for-STM32/bin/../lib/gcc/arm-none-eabi/13.3.1/../../../../arm-none-eabi/lib/thumb/v7e-m+fp/hard\libg_nano.a(libc_a-puts.o)
 .debug_info    0x00013062      0x874 C:/ST/STM32CubeCLT_1.18.0/GNU-tools-for-STM32/bin/../lib/gcc/arm-none-eabi/13.3.1/../../../../arm-none-eabi/lib/thumb/v7e-m+fp/hard\libg_nano.a(libc_a-wbuf.o)
 .debug_info    0x000138d6      0x7bb C:/ST/STM32CubeCLT_1.18.0/GNU-tools-for-STM32/bin/../lib/gcc/arm-none-eabi/13.3.1/../../../../arm-none-eabi/lib/thumb/v7e-m+fp/hard\libg_nano.a(libc_a-wsetup.o)
 .debug_info    0x00014091      0x6fb C:/ST/STM32CubeCLT_1.18.0/GNU-tools-for-STM32/bin/../lib/gcc/arm-none-eabi/13.3.1/../../../../arm-none-eabi/lib/thumb/v7e-m+fp/hard\libg_nano.a(libc_a-errno.o)
 .debug_info    0x0001478c       0x31 C:/ST/STM32CubeCLT_1.18.0/GNU-tools-for-STM32/bin/../lib/gcc/arm-none-eabi/13.3.1/../../../../arm-none-eabi/lib/thumb/v7e-m+fp/hard\libg_nano.a(libc_a-strcmp.o)
 .debug_info    0x000147bd     0x1094 C:/ST/STM32CubeCLT_1.18.0/GNU-tools-for-STM32/bin/../lib/gcc/arm-none-eabi/13.3.1/../../../../arm-none-eabi/lib/thumb/v7e-m+fp/hard\libg_nano.a(libc_a-nano-vfprintf.o)
 .debug_info    0x00015851      0xde2 C:/ST/STM32CubeCLT_1.18.0/GNU-tools-for-STM32/bin/../lib/gcc/arm-none-eabi/13.3.1/../../../../arm-none-eabi/lib/thumb/v7e-m+fp/hard\libg_nano.a(libc_a-nano-vfprintf_i.o)
 .debug_info    0x00016633      0xb1a C:/ST/STM32CubeCLT_1.18.0/GNU-tools-for-STM32/bin/../lib/gcc/arm-none-eabi/13.3.1/../../../../arm-none-eabi/lib/thumb/v7e-m+fp/hard\libg_nano.a(libc_a-makebuf.o)
 .debug_info    0x0001714d      0x981 C:/ST/STM32CubeCLT_1.18.0/GNU-tools-for-STM32/bin/../lib/gcc/arm-none-eabi/13.3.1/../../../../arm-none-eabi/lib/thumb/v7e-m+fp/hard\libg_nano.a(libc_a-fstatr.o)
 .debug_info    0x00017ace      0x75d C:/ST/STM32CubeCLT_1.18.0/GNU-tools-for-STM32/bin/../lib/gcc/arm-none-eabi/13.3.1/../../../../arm-none-eabi/lib/thumb/v7e-m+fp/hard\libg_nano.a(libc_a-isattyr.o)
 .debug_info    0x0001822b       0x25 C:/ST/STM32CubeCLT_1.18.0/GNU-tools-for-STM32/bin/../lib/gcc/arm-none-eabi/13.3.1/../../../../arm-none-eabi/lib/thumb/v7e-m+fp/hard\libg_nano.a(libc_a-memchr.o)

.debug_abbrev   0x00000000     0x428b
 .debug_abbrev  0x00000000      0x11a cmake/stm32cubemx/CMakeFiles/STM32_Drivers.dir/__/__/Src/system_stm32l4xx.c.obj
 .debug_abbrev  0x0000011a      0x261 cmake/stm32cubemx/CMakeFiles/STM32_Drivers.dir/__/__/Drivers/STM32L4xx_HAL_Driver/Src/stm32l4xx_hal_i2c.c.obj
 .debug_abbrev  0x0000037b      0x1c3 cmake/stm32cubemx/CMakeFiles/STM32_Drivers.dir/__/__/Drivers/STM32L4xx_HAL_Driver/Src/stm32l4xx_hal_i2c_ex.c.obj
 .debug_abbrev  0x0000053e      0x243 cmake/stm32cubemx/CMakeFiles/STM32_Drivers.dir/__/__/Drivers/STM32L4xx_HAL_Driver/Src/stm32l4xx_hal.c.obj
 .debug_abbrev  0x00000781      0x2cb cmake/stm32cubemx/CMakeFiles/STM32_Drivers.dir/__/__/Drivers/STM32L4xx_HAL_Driver/Src/stm32l4xx_hal_rcc.c.obj
 .debug_abbrev  0x00000a4c      0x2a6 cmake/stm32cubemx/CMakeFiles/STM32_Drivers.dir/__/__/Drivers/STM32L4xx_HAL_Driver/Src/stm32l4xx_hal_rcc_ex.c.obj
 .debug_abbrev  0x00000cf2      0x1cb cmake/stm32cubemx/CMakeFiles/STM32_Drivers.dir/__/__/Drivers/STM32L4xx_HAL_Driver/Src/stm32l4xx_hal_gpio.c.obj
 .debug_abbrev  0x00000ebd      0x1e4 cmake/stm32cubemx/CMakeFiles/STM32_Drivers.dir/__/__/Drivers/STM32L4xx_HAL_Driver/Src/stm32l4xx_hal_dma.c.obj
 .debug_abbrev  0x000010a1      0x1f9 cmake/stm32cubemx/CMakeFiles/STM32_Drivers.dir/__/__/Drivers/STM32L4xx_HAL_Driver/Src/stm32l4xx_hal_pwr_ex.c.obj
 .debug_abbrev  0x0000129a      0x31c cmake/stm32cubemx/CMakeFiles/STM32_Drivers.dir/__/__/Drivers/STM32L4xx_HAL_Driver/Src/stm32l4xx_hal_cortex.c.obj
 .debug_abbrev  0x000015b6      0x2d0 cmake/stm32cubemx/CMakeFiles/STM32_Drivers.dir/__/__/Drivers/STM32L4xx_HAL_Driver/Src/stm32l4xx_hal_uart.c.obj
 .debug_abbrev  0x00001886      0x2be cmake/stm32cubemx/CMakeFiles/STM32_Drivers.dir/__/__/Drivers/STM32L4xx_HAL_Driver/Src/stm32l4xx_hal_uart_ex.c.obj
 .debug_abbrev  0x00001b44      0x33b CMakeFiles/4100901-Room_Control-CubeMX.dir/Src/main.c.obj
 .debug_abbrev  0x00001e7f      0x172 CMakeFiles/4100901-Room_Control-CubeMX.dir/Src/stm32l4xx_it.c.obj
 .debug_abbrev  0x00001ff1      0x1e3 CMakeFiles/4100901-Room_Control-CubeMX.dir/Src/stm32l4xx_hal_msp.c.obj
 .debug_abbrev  0x000021d4       0xbc CMakeFiles/4100901-Room_Control-CubeMX.dir/Src/sysmem.c.obj
 .debug_abbrev  0x00002290      0x1b6 CMakeFiles/4100901-Room_Control-CubeMX.dir/Src/syscalls.c.obj
 .debug_abbrev  0x00002446       0x24 CMakeFiles/4100901-Room_Control-CubeMX.dir/startup_stm32l476xx.s.obj
 .debug_abbrev  0x0000246a      0x155 CMakeFiles/4100901-Room_Control-CubeMX.dir/Src/led_driver.c.obj
 .debug_abbrev  0x000025bf       0xdc CMakeFiles/4100901-Room_Control-CubeMX.dir/Src/ring_buffer.c.obj
 .debug_abbrev  0x0000269b      0x1af CMakeFiles/4100901-Room_Control-CubeMX.dir/Src/keypad_driver.c.obj
 .debug_abbrev  0x0000284a      0x363 CMakeFiles/4100901-Room_Control-CubeMX.dir/Drivers/ssd1306/ssd1306.c.obj